Retrieving project…
Deploying stevenvo780s-projects/specorganon-presentacion
Uploading [--------------------] (0.0B/30KB)
Uploading [=======-------------] (11.9KB/30KB)
Uploading [==============------] (21.7KB/30KB)
Uploading [================----] (25.1KB/30KB)
Uploading [====================] (30.0KB/30KB)
  Inspect     https://vercel.com/stevenvo780s-projects/specorganon-presentacion/J6caTDfgDGs3ZYQKd9KyK7RbFNcX
▲ Production  https://specorganon-presentacion-4lzxyinz0-stevenvo780s-projects.vercel.app
Building…
Building…
Running build in Washington, D.C., USA (East) – iad1
Build machine configuration: 4 cores, 8 GB
Retrieving list of deployment files...
Downloading 192 deployment files...
Restored build cache from previous deployment (6o8UeAqs3tEeMfJinP2r71raG44V)
Running "vercel build"
Vercel CLI 62.1.0
Running "install" command: `npm ci`...
added 37 packages, and audited 38 packages in 5s
12 packages are looking for funding
run `npm fund` for details
found 0 vulnerabilities
> specorganon-presentacion@1.0.0 build
> tsc -b && vite build
vite v8.3.2 building client environment for production...
transforming...
✓ 2335 modules transformed.
[2K[1A[2K[G▲ Production  https://specorganon-presentacion-4lzxyinz0-stevenvo780s-projects.vercel.app
Completing…
▲ Aliased     https://specorganon.stevenvallejo.com
