FFF......
=================================== FAILURES ===================================
__________ test_two_delegations_keep_global_ids_context_and_claim[A] ___________

bundle = PosixPath('/tmp/specorganon-D119-engine-attempt02-jdutrdmj/cases/D119-engine-bundle0/bundle')
tmp_path = PosixPath('/tmp/specorganon-D119-engine-attempt02-jdutrdmj/cases/test_two_delegations_keep_glob0')
arm = 'A'

    @pytest.mark.parametrize("arm", list("ABC"))
    def test_two_delegations_keep_global_ids_context_and_claim(bundle, tmp_path, arm):
        run, status, fixture = prepare(bundle, tmp_path, arm)
        context_before = json.loads((run / "context/run.json").read_bytes())
>       status = reach_delegations(run, status, fixture)
                 ^^^^^^^^^^^^^^^^^^^^^^^^^^^^^^^^^^^^^^^

tests/test_managed_coordinated_prototype.py:55: 
_ _ _ _ _ _ _ _ _ _ _ _ _ _ _ _ _ _ _ _ _ _ _ _ _ _ _ _ _ _ _ _ _ _ _ _ _ _ _ _ 
tests/test_managed_coordinated_prototype.py:46: in reach_delegations
    status = step(run, status, fixture)
             ^^^^^^^^^^^^^^^^^^^^^^^^^^
tests/test_managed_coordinated_prototype.py:38: in step
    return runtime.execute_coordinated_runtime_step(run, fixture.transports(),
scripts/coordinated_prototype_runtime.py:242: in execute_coordinated_runtime_step
    ???
scripts/managed_coordinated_prototype.py:630: in read_coordinated_prototype_status
    guard(plan, state, broker)
_ _ _ _ _ _ _ _ _ _ _ _ _ _ _ _ _ _ _ _ _ _ _ _ _ _ _ _ _ _ _ _ _ _ _ _ _ _ _ _ 

plan = {'case_dir': '/tmp/specorganon-D119-engine-attempt02-jdutrdmj/cases/D119-engine-bundle0/bundle/assets/D-E', 'context':... 'cost_limit_micro_usd': 1000, 'execution_profile': 'coordinated_development_parent_v1', ...}, 'effort': 'medium', ...}

    
    def _binding(plan: dict) -> dict:
        context = delivery.parse_json(plan["context"].encode())
        binding = context.get("wrapper_binding")
        if type(binding) is not dict or binding.get("profile") != PROFILE:
            raise CoordinatedRuntimeError("runtime wrapper binding is absent or changed")
        return binding
    
    
    def guard_coordinated_runtime(plan: dict, state: dict, broker) -> None:
        del state, broker
        binding = _binding(plan)
        _publication()
        bundle = Path(binding["bundle"])
        receipt = _json(bundle / "bundle.json")
        if (_sha(preparation._read(bundle / "bundle.json")) != binding["bundle_receipt_sha256"]
                or receipt["inventory"] != preparation._inventory(bundle)
                or receipt["source_records"] != preparation._source_records(SPEC / "public_contract")
                or receipt["contract_dir"] != str(SPEC / "public_contract")):
>           raise CoordinatedRuntimeError("prepared bundle or original sources changed")
            ^^^^^^^^^^^^^^^^^^^^^^^^^^^^^^^^^^^^^^^^^^^^^^^^^^^^^^^^^^^^^^^^^^^^^^^
E           coordinated_prototype_runtime.CoordinatedRuntimeError: runtime implementation closure changed

scripts/coordinated_prototype_runtime.py:162: CoordinatedRuntimeError
__________ test_two_delegations_keep_global_ids_context_and_claim[B] ___________

bundle = PosixPath('/tmp/specorganon-D119-engine-attempt02-jdutrdmj/cases/D119-engine-bundle0/bundle')
tmp_path = PosixPath('/tmp/specorganon-D119-engine-attempt02-jdutrdmj/cases/test_two_delegations_keep_glob1')
arm = 'B'

    @pytest.mark.parametrize("arm", list("ABC"))
    def test_two_delegations_keep_global_ids_context_and_claim(bundle, tmp_path, arm):
        run, status, fixture = prepare(bundle, tmp_path, arm)
        context_before = json.loads((run / "context/run.json").read_bytes())
>       status = reach_delegations(run, status, fixture)
                 ^^^^^^^^^^^^^^^^^^^^^^^^^^^^^^^^^^^^^^^

tests/test_managed_coordinated_prototype.py:55: 
_ _ _ _ _ _ _ _ _ _ _ _ _ _ _ _ _ _ _ _ _ _ _ _ _ _ _ _ _ _ _ _ _ _ _ _ _ _ _ _ 

run = PosixPath('/tmp/specorganon-D119-engine-attempt02-jdutrdmj/cases/test_two_delegations_keep_glob1/run')
status = {'classification': 'development_coordinated_prototype_runtime_unsealed', 'execution_profile': 'coordinated_development_parent_v1', 'state': 'indeterminate', 'stored_state': 'indeterminate', ...}
fixture = <coordinated_runtime_fixture.SyntheticRoles object at 0x7f1d372f3990>
count = 2

    def reach_delegations(run, status, fixture, count=2):
        for _ in range(40):
            if len(status["delegations"]) >= count:
                return status
            status = step(run, status, fixture)
>           assert status["state"] == "paused", status
E           AssertionError: {'classification': 'development_coordinated_prototype_runtime_unsealed', 'execution_profile': 'coordinated_development_parent_v1', 'state': 'indeterminate', 'stored_state': 'indeterminate', ...}
E           assert 'indeterminate' == 'paused'
E             
E             - paused
E             + indeterminate

tests/test_managed_coordinated_prototype.py:47: AssertionError
----------------------------- Captured stdout call -----------------------------
{"action": "revise", "affected": ["E", "N", "P1", "R", "V"], "id": "P1", "ok": true}
__________ test_two_delegations_keep_global_ids_context_and_claim[C] ___________

bundle = PosixPath('/tmp/specorganon-D119-engine-attempt02-jdutrdmj/cases/D119-engine-bundle0/bundle')
tmp_path = PosixPath('/tmp/specorganon-D119-engine-attempt02-jdutrdmj/cases/test_two_delegations_keep_glob2')
arm = 'C'

    @pytest.mark.parametrize("arm", list("ABC"))
    def test_two_delegations_keep_global_ids_context_and_claim(bundle, tmp_path, arm):
        run, status, fixture = prepare(bundle, tmp_path, arm)
        context_before = json.loads((run / "context/run.json").read_bytes())
>       status = reach_delegations(run, status, fixture)
                 ^^^^^^^^^^^^^^^^^^^^^^^^^^^^^^^^^^^^^^^

tests/test_managed_coordinated_prototype.py:55: 
_ _ _ _ _ _ _ _ _ _ _ _ _ _ _ _ _ _ _ _ _ _ _ _ _ _ _ _ _ _ _ _ _ _ _ _ _ _ _ _ 

run = PosixPath('/tmp/specorganon-D119-engine-attempt02-jdutrdmj/cases/test_two_delegations_keep_glob2/run')
status = {'classification': 'development_coordinated_prototype_runtime_unsealed', 'execution_profile': 'coordinated_development_parent_v1', 'state': 'indeterminate', 'stored_state': 'indeterminate', ...}
fixture = <coordinated_runtime_fixture.SyntheticRoles object at 0x7f1d378df950>
count = 2

    def reach_delegations(run, status, fixture, count=2):
        for _ in range(40):
            if len(status["delegations"]) >= count:
                return status
            status = step(run, status, fixture)
>           assert status["state"] == "paused", status
E           AssertionError: {'classification': 'development_coordinated_prototype_runtime_unsealed', 'execution_profile': 'coordinated_development_parent_v1', 'state': 'indeterminate', 'stored_state': 'indeterminate', ...}
E           assert 'indeterminate' == 'paused'
E             
E             - paused
E             + indeterminate

tests/test_managed_coordinated_prototype.py:47: AssertionError
----------------------------- Captured stdout call -----------------------------
{"action": "revise", "affected": ["E", "N", "P1", "R", "V"], "id": "P1", "ok": true}
=========================== short test summary info ============================
FAILED tests/test_managed_coordinated_prototype.py::test_two_delegations_keep_global_ids_context_and_claim[A]
FAILED tests/test_managed_coordinated_prototype.py::test_two_delegations_keep_global_ids_context_and_claim[B]
FAILED tests/test_managed_coordinated_prototype.py::test_two_delegations_keep_global_ids_context_and_claim[C]
!!!!!!!!!!!!!!!!!!!!!!!!!!!!!! KeyboardInterrupt !!!!!!!!!!!!!!!!!!!!!!!!!!!!!!!
/home/dev/.local/share/uv/python/cpython-3.11.15-linux-x86_64-gnu/lib/python3.11/ast.py:262: KeyboardInterrupt
(to show a full traceback on KeyboardInterrupt use --full-trace)
3 failed, 6 passed in 201.82s (0:03:21)
