2026-10-03T22:37:45.606484+00:00 generation V2-r2-T stage 1
2026-10-03T22:49:22.775960+00:00 generation V2-r2-T stage 2
2026-10-03T23:00:58.797033+00:00 generation V2-r2-S stage 1
2026-10-03T23:12:28.818123+00:00 generation V2-r2-S stage 2
2026-10-03T23:23:57.484544+00:00 generation V2-r2-N stage 1
2026-10-03T23:35:49.883290+00:00 generation V2-r2-N stage 2
2026-10-03T23:43:39.762641+00:00 generation V3-r1-N stage 1
2026-10-03T23:55:36.087941+00:00 generation V3-r1-N stage 2
2026-10-04T00:02:42.216944+00:00 generation V3-r1-S stage 1
2026-10-04T00:14:05.841901+00:00 generation V3-r1-S stage 2
2026-10-04T00:25:48.335419+00:00 generation V3-r1-T stage 1
2026-10-04T00:37:05.642914+00:00 generation V3-r1-T stage 2
2026-10-04T00:48:32.542440+00:00 generation V2-r1-N stage 1
2026-10-04T01:00:14.744843+00:00 generation V2-r1-N stage 2
2026-10-04T01:12:14.978346+00:00 generation V2-r1-T stage 1
2026-10-04T01:23:58.711351+00:00 generation V2-r1-T stage 2
2026-10-04T01:35:34.558641+00:00 generation V2-r1-S stage 1
2026-10-04T01:47:10.529744+00:00 generation V2-r1-S stage 2
2026-10-04T01:58:05.548016+00:00 generation V1-r2-S stage 1
2026-10-04T02:09:28.600490+00:00 generation V1-r2-S stage 2
2026-10-04T02:21:06.176166+00:00 generation V1-r2-T stage 1
2026-10-04T02:32:46.315591+00:00 generation V1-r2-T stage 2
2026-10-04T02:44:13.546602+00:00 generation V1-r2-N stage 1
2026-10-04T02:55:30.758129+00:00 generation V1-r2-N stage 2
2026-10-04T03:07:04.951010+00:00 generation V3-r2-T stage 1
2026-10-04T03:18:17.855165+00:00 generation V3-r2-T stage 2
2026-10-04T03:29:35.487357+00:00 generation V3-r2-N stage 1
2026-10-04T03:40:46.475199+00:00 generation V3-r2-N stage 2
2026-10-04T03:51:46.239346+00:00 generation V3-r2-S stage 1
2026-10-04T04:03:16.247823+00:00 generation V3-r2-S stage 2
2026-10-04T04:15:16.534916+00:00 generation V1-r1-S stage 1
2026-10-04T04:26:31.147230+00:00 generation V1-r1-S stage 2
2026-10-04T04:38:07.326064+00:00 generation V1-r1-N stage 1
2026-10-04T04:49:03.430438+00:00 generation V1-r1-N stage 2
2026-10-04T04:55:51.619822+00:00 generation V1-r1-T stage 1
2026-10-04T05:07:19.581821+00:00 generation V1-r1-T stage 2
All 36 generation stages closed; hidden evaluation begins.
2026-10-04T05:18:44.332776+00:00 evaluation V2-r2-T stage 1
2026-10-04T05:18:46.387214+00:00 evaluation V2-r2-T stage 2
2026-10-04T05:18:48.541226+00:00 evaluation V2-r2-S stage 1
2026-10-04T05:18:51.353664+00:00 evaluation V2-r2-S stage 2
2026-10-04T05:18:54.365988+00:00 evaluation V2-r2-N stage 1
2026-10-04T05:18:55.569562+00:00 evaluation V2-r2-N stage 2
2026-10-04T05:18:56.873803+00:00 evaluation V3-r1-N stage 1
2026-10-04T05:18:59.080806+00:00 evaluation V3-r1-N stage 2
2026-10-04T05:19:01.386776+00:00 evaluation V3-r1-S stage 1
2026-10-04T05:19:02.591304+00:00 evaluation V3-r1-S stage 2
2026-10-04T05:19:03.893736+00:00 evaluation V3-r1-T stage 1
2026-10-04T05:19:07.000255+00:00 evaluation V3-r1-T stage 2
2026-10-04T05:19:10.206249+00:00 evaluation V2-r1-N stage 1
2026-10-04T05:19:13.111950+00:00 evaluation V2-r1-N stage 2
2026-10-04T05:19:14.416889+00:00 evaluation V2-r1-T stage 1
2026-10-04T05:19:17.285491+00:00 evaluation V2-r1-T stage 2
2026-10-04T05:19:20.242128+00:00 evaluation V2-r1-S stage 1
2026-10-04T05:19:23.149337+00:00 evaluation V2-r1-S stage 2
2026-10-04T05:19:26.105978+00:00 evaluation V1-r2-S stage 1
2026-10-04T05:19:28.660611+00:00 evaluation V1-r2-S stage 2
2026-10-04T05:19:31.315328+00:00 evaluation V1-r2-T stage 1
2026-10-04T05:19:33.967608+00:00 evaluation V1-r2-T stage 2
2026-10-04T05:19:36.671823+00:00 evaluation V1-r2-N stage 1
2026-10-04T05:19:39.226383+00:00 evaluation V1-r2-N stage 2
2026-10-04T05:19:40.527249+00:00 evaluation V3-r2-T stage 1
2026-10-04T05:19:43.736183+00:00 evaluation V3-r2-T stage 2
2026-10-04T05:19:47.044959+00:00 evaluation V3-r2-N stage 1
2026-10-04T05:19:48.252252+00:00 evaluation V3-r2-N stage 2
2026-10-04T05:19:49.605201+00:00 evaluation V3-r2-S stage 1
2026-10-04T05:19:50.816638+00:00 evaluation V3-r2-S stage 2
2026-10-04T05:19:52.117144+00:00 evaluation V1-r1-S stage 1
2026-10-04T05:19:54.621173+00:00 evaluation V1-r1-S stage 2
2026-10-04T05:19:57.225402+00:00 evaluation V1-r1-N stage 1
2026-10-04T05:19:59.779069+00:00 evaluation V1-r1-N stage 2
2026-10-04T05:20:02.434553+00:00 evaluation V1-r1-T stage 1
2026-10-04T05:20:05.143208+00:00 evaluation V1-r1-T stage 2
