{
  "reader_sha256": "19b660c58d581c571c079c3d1492a9b4d0da6d6888546ec561cc0023d41ec8bf",
  "tests_sha256": "d267616161226315eee8d44183f78eb0d1e0c6bf5025a6f167d60994c226f204",
  "pure_probes_only": true,
  "results": [
    {
      "probe": "baseline_reserved_input_mismatch",
      "accepted": true,
      "native_guard_claimed": false,
      "exact_coverage": {
        "request_response_receipt_ledger_exact": true,
        "tool_reservation_receipt_response_exact": true,
        "full_activity_coverage": false
      },
      "tool_epoch": 1,
      "reserved_input": 20,
      "response_input": 10
    },
    {
      "probe": "tool_receipt_bool_ordinal",
      "accepted": true,
      "native_guard_claimed": false,
      "exact_coverage": {
        "request_response_receipt_ledger_exact": true,
        "tool_reservation_receipt_response_exact": true,
        "full_activity_coverage": false
      },
      "tool_epoch": 1,
      "reserved_input": 20,
      "response_input": 10
    },
    {
      "probe": "tool_epoch_timeline_mismatch",
      "accepted": true,
      "native_guard_claimed": false,
      "exact_coverage": {
        "request_response_receipt_ledger_exact": true,
        "tool_reservation_receipt_response_exact": true,
        "full_activity_coverage": false
      },
      "tool_epoch": 2,
      "reserved_input": 20,
      "response_input": 10
    }
  ]
}
