======================================================================
REPORTE DE ANALISIS ENERGETICO - DATOS OBSERVACIONALES
======================================================================
Archivo analizado: sample_first_complete_week.csv
Periodo cubierto: 2016-01-12 00:00:00 a 2016-01-18 23:50:00
Total de intervalos leidos: 1008
Continuidad temporal estricta (10 min): VALIDA
----------------------------------------------------------------------
TOTALES SEMANALES:
  - Consumo Electrodomesticos (Appliances): 118.280 kWh (118280.0 Wh)
  - Consumo Iluminacion (lights):            5.320 kWh (5320.0 Wh)
  - Consumo Total Medido (App + Lights):     123.600 kWh
----------------------------------------------------------------------
DESGLOSE DIARIO (Appliances):
  Fecha       | Intervalos | Appliances (kWh) | Lights (kWh) | Total (kWh)
  --------------------------------------------------------------
  2016-01-12  |     144    |       12.340     |      0.610   |     12.950
  2016-01-13  |     144    |       13.970     |      0.780   |     14.750
  2016-01-14  |     144    |       21.800     |      0.720   |     22.520
  2016-01-15  |     144    |       18.050     |      0.860   |     18.910
  2016-01-16  |     144    |       18.040     |      1.150   |     19.190
  2016-01-17  |     144    |       20.550     |      0.710   |     21.260
  2016-01-18  |     144    |       13.530     |      0.490   |     14.020
----------------------------------------------------------------------
OBSERVACIONES ADICIONALES PERTINENTES:
  - Rango de Appliances por intervalo de 10 min: Min=20.0 Wh, Max=1080.0 Wh
  - Media por intervalo: 117.34 Wh | Mediana: 60.00 Wh
  - Media nocturna (00:00 - 06:00, carga base/standby): 49.48 Wh/intervalo
  - Hora de maxima demanda promedio: 18:00 (243.81 Wh/intervalo)
  - Hora de minima demanda promedio: 03:00 (41.19 Wh/intervalo)
----------------------------------------------------------------------
NOTA METODOLOGICA:
  Variables rv1 y rv2 fueron excluidas del analisis por constituir ruido aleatorio sin valor causal.
  La agregacion de 'Appliances' no desagrega cargas individuales ni identifica ocupacion.
======================================================================
