#0 building with "default" instance using docker driver

#1 [internal] load build definition from Dockerfile
#1 transferring dockerfile: 697B done
#1 DONE 0.0s

#2 [internal] load metadata for docker.io/library/specorganon:method-superiority-dev2
#2 DONE 0.0s

#3 [internal] load .dockerignore
#3 transferring context: 195B done
#3 DONE 0.0s

#4 [internal] load build context
#4 transferring context: 202.90kB done
#4 DONE 0.1s

#5 [1/5] FROM docker.io/library/specorganon:method-superiority-dev2@sha256:3b984512f460b9cb9cddac6cdb55634515b4831d1183684d7e7b557f86170131
#5 resolve docker.io/library/specorganon:method-superiority-dev2@sha256:3b984512f460b9cb9cddac6cdb55634515b4831d1183684d7e7b557f86170131 0.0s done
#5 DONE 0.1s

#6 [2/5] COPY dist/specorganon-0.2.0rc3.dev3-py3-none-any.whl /opt/candidate/
#6 DONE 0.0s

#7 [3/5] RUN uv pip install --offline --python /opt/specorganon/venv/bin/python --no-deps --reinstall-package specorganon /opt/candidate/specorganon-0.2.0rc3.dev3-py3-none-any.whl     && uv pip check --python /opt/specorganon/venv/bin/python
#7 0.175 Using Python 3.12.3 environment at: /opt/specorganon/venv
#7 0.191 Resolved 1 package in 7ms
#7 0.197 Prepared 1 package in 5ms
#7 0.199 Uninstalled 1 package in 1ms
#7 0.206 Installed 1 package in 7ms
#7 0.206  - specorganon==0.2.0rc3.dev2 (from file:///opt/specorganon/dist/specorganon-0.2.0rc3.dev2-py3-none-any.whl)
#7 0.207  + specorganon==0.2.0rc3.dev3 (from file:///opt/candidate/specorganon-0.2.0rc3.dev3-py3-none-any.whl)
#7 0.214 Using Python 3.12.3 environment at: /opt/specorganon/venv
#7 0.215 Checked 34 packages in 0.63ms
#7 0.228 All installed packages are compatible
#7 DONE 0.2s

#8 [4/5] COPY scripts/controller_native_role.py /opt/specorganon/scripts/controller_native_role.py
#8 DONE 0.0s

#9 [5/5] WORKDIR /runs
#9 DONE 0.0s

#10 exporting to image
#10 exporting layers
#10 exporting layers 0.2s done
#10 exporting manifest sha256:e1d2543ab72970970ac15f293b311d23801c8b9a8a19d73e226280920c29fcf1 done
#10 exporting config sha256:26a7e1580848f9f6a7045f1bf18b7450f5b5f4c61303893b531704a56b9e6248 done
#10 exporting attestation manifest sha256:0edf41dc6cf86440b471183ff5c8b4ddd42d282181dd9189fa6a4797a9ed45a8 0.0s done
#10 exporting manifest list sha256:5367d61b07966388a174632fef1418edd491eff55730def6bdf917ae802e67f8 done
#10 naming to docker.io/library/specorganon:method-superiority-dev3 done
#10 unpacking to docker.io/library/specorganon:method-superiority-dev3 0.0s done
#10 DONE 0.3s
