F
=================================== FAILURES ===================================
__________ test_two_delegations_keep_global_ids_context_and_claim[A] ___________

bundle = PosixPath('/tmp/specorganon-D119-engine-attempt01-kl5r5wuf/cases/D119-engine-bundle0/bundle')
tmp_path = PosixPath('/tmp/specorganon-D119-engine-attempt01-kl5r5wuf/cases/test_two_delegations_keep_glob0')
arm = 'A'

    @pytest.mark.parametrize("arm", list("ABC"))
    def test_two_delegations_keep_global_ids_context_and_claim(bundle, tmp_path, arm):
        run, status, fixture = prepare(bundle, tmp_path, arm)
        context_before = json.loads((run / "context/run.json").read_bytes())
>       status = reach_delegations(run, status, fixture)
                 ^^^^^^^^^^^^^^^^^^^^^^^^^^^^^^^^^^^^^^^

tests/test_managed_coordinated_prototype.py:55: 
_ _ _ _ _ _ _ _ _ _ _ _ _ _ _ _ _ _ _ _ _ _ _ _ _ _ _ _ _ _ _ _ _ _ _ _ _ _ _ _ 

run = PosixPath('/tmp/specorganon-D119-engine-attempt01-kl5r5wuf/cases/test_two_delegations_keep_glob0/run')
status = {'classification': 'development_coordinated_prototype_runtime_unsealed', 'execution_profile': 'coordinated_development_parent_v1', 'state': 'indeterminate', 'stored_state': 'indeterminate', ...}
fixture = <coordinated_runtime_fixture.SyntheticRoles object at 0x7f8eb5d04550>
count = 2

    def reach_delegations(run, status, fixture, count=2):
        for _ in range(40):
            if len(status["delegations"]) >= count:
                return status
            status = step(run, status, fixture)
>           assert status["state"] == "paused", status
E           AssertionError: {'classification': 'development_coordinated_prototype_runtime_unsealed', 'execution_profile': 'coordinated_development_parent_v1', 'state': 'indeterminate', 'stored_state': 'indeterminate', ...}
E           assert 'indeterminate' == 'paused'
E             
E             - paused
E             + indeterminate

tests/test_managed_coordinated_prototype.py:47: AssertionError
=========================== short test summary info ============================
FAILED tests/test_managed_coordinated_prototype.py::test_two_delegations_keep_global_ids_context_and_claim[A]
!!!!!!!!!!!!!!!!!!!!!!!!!!!!!! KeyboardInterrupt !!!!!!!!!!!!!!!!!!!!!!!!!!!!!!!
/home/dev/.local/share/uv/python/cpython-3.11.15-linux-x86_64-gnu/lib/python3.11/ast.py:50: KeyboardInterrupt
(to show a full traceback on KeyboardInterrupt use --full-trace)
1 failed in 174.97s (0:02:54)
