======================================================================
REPORTE DE ANÁLISIS ENERGÉTICO (Brazo S · SDD)
Muestra: 1 semana completa (12 al 18 de enero de 2016)
======================================================================
Total de intervalos analizados: 1008 (10 min/intervalo, 168 horas)
Consumo total de Electrodomésticos (Appliances): 118.280 kWh (118280.0 Wh)
Consumo total de Iluminación (lights):          5.320 kWh (5320.0 Wh)
----------------------------------------------------------------------
DESGLOSE DIARIO DE ELECTRODOMÉSTICOS (Appliances):
Día                          | Consumo (kWh)  | Consumo (Wh)   | Intervalos
----------------------------------------------------------------------
2016-01-12 (Tuesday)         |       12.340 kWh |      12340.0 Wh |      144
2016-01-13 (Wednesday)       |       13.970 kWh |      13970.0 Wh |      144
2016-01-14 (Thursday)        |       21.800 kWh |      21800.0 Wh |      144
2016-01-15 (Friday)          |       18.050 kWh |      18050.0 Wh |      144
2016-01-16 (Saturday)        |       18.040 kWh |      18040.0 Wh |      144
2016-01-17 (Sunday)          |       20.550 kWh |      20550.0 Wh |      144
2016-01-18 (Monday)          |       13.530 kWh |      13530.0 Wh |      144
----------------------------------------------------------------------
DISTRIBUCIÓN Y CARGA DE POTENCIA (Wh por intervalo de 10 min):
  Mínimo:             20.0 Wh/10-min (~ 120.0 W potencia media equivalente)
  Percentil 10:       40.0 Wh/10-min (~ 240.0 W)
  Percentil 25:       50.0 Wh/10-min (~ 300.0 W)
  Mediana (P50):      60.0 Wh/10-min (~ 360.0 W)
  Media:             117.3 Wh/10-min (~ 704.0 W)
  Percentil 75:      110.0 Wh/10-min (~ 660.0 W)
  Percentil 90:      350.0 Wh/10-min (~2100.0 W)
  Máximo:           1080.0 Wh/10-min (~6480.0 W)
----------------------------------------------------------------------
OBSERVACIONES ADICIONALES:
  1. Consumo nocturno (00:00 - 06:00): 12.470 kWh (10.5% del total)
     Media nocturna: 49.5 Wh/10-min
  2. Consumo diurno/vespertino (06:00 - 24:00): 105.810 kWh
     Media diurna: 140.0 Wh/10-min
  3. Carga base estimada continua (P10 * 1008): 40.320 kWh
======================================================================
