Retrieving project…
Deploying stevenvo780s-projects/specorganon-presentacion
Uploading [--------------------] (0.0B/952.1KB)
Uploading [=====---------------] (251.0KB/952.1KB)
Uploading [==========----------] (486.0KB/952.1KB)
Uploading [===============-----] (726.0KB/952.1KB)
Uploading [====================] (952.1KB/952.1KB)
  Inspect     https://vercel.com/stevenvo780s-projects/specorganon-presentacion/HSigv4bF9xoPPUizwRog8iA8CDy6
▲ Production  https://specorganon-presentacion-dfidgec09-stevenvo780s-projects.vercel.app
Building…
Building…
Running build in Washington, D.C., USA (East) – iad1
Build machine configuration: 4 cores, 8 GB
Retrieving list of deployment files...
Downloading 103 deployment files...
Restored build cache from previous deployment (8dNDg4QsAJpQvYewZbZtJfhjyUyL)
Running "vercel build"
Vercel CLI 62.1.0
Running "install" command: `npm ci`...
added 37 packages, and audited 38 packages in 4s
12 packages are looking for funding
run `npm fund` for details
found 0 vulnerabilities
[2K[1A[2K[G▲ Production  https://specorganon-presentacion-dfidgec09-stevenvo780s-projects.vercel.app
Completing…
▲ Aliased     https://specorganon.stevenvallejo.com
