#0 building with "default" instance using docker driver

#1 [internal] load build definition from Dockerfile
#1 transferring dockerfile: 625B done
#1 DONE 0.0s

#2 [internal] load metadata for docker.io/library/specorganon:method-superiority-dev3
#2 DONE 0.0s

#3 [internal] load .dockerignore
#3 transferring context: 195B done
#3 DONE 0.0s

#4 [internal] load build context
#4 transferring context: 179.55kB done
#4 DONE 0.0s

#5 [1/5] FROM docker.io/library/specorganon:method-superiority-dev3@sha256:5367d61b07966388a174632fef1418edd491eff55730def6bdf917ae802e67f8
#5 resolve docker.io/library/specorganon:method-superiority-dev3@sha256:5367d61b07966388a174632fef1418edd491eff55730def6bdf917ae802e67f8 0.0s done
#5 CACHED

#6 [2/5] COPY dist/specorganon-0.2.0rc3.dev4-py3-none-any.whl /opt/candidate/
#6 DONE 0.0s

#7 [3/5] RUN uv pip install --offline --python /opt/specorganon/venv/bin/python --no-deps --reinstall-package specorganon /opt/candidate/specorganon-0.2.0rc3.dev4-py3-none-any.whl     && uv pip check --python /opt/specorganon/venv/bin/python
#7 0.146 Using Python 3.12.3 environment at: /opt/specorganon/venv
#7 0.158 Resolved 1 package in 7ms
#7 0.164 Prepared 1 package in 5ms
#7 0.166 Uninstalled 1 package in 1ms
#7 0.187 Installed 1 package in 20ms
#7 0.187  - specorganon==0.2.0rc3.dev3 (from file:///opt/candidate/specorganon-0.2.0rc3.dev3-py3-none-any.whl)
#7 0.187  + specorganon==0.2.0rc3.dev4 (from file:///opt/candidate/specorganon-0.2.0rc3.dev4-py3-none-any.whl)
#7 0.197 Using Python 3.12.3 environment at: /opt/specorganon/venv
#7 0.197 Checked 34 packages in 0.71ms
#7 0.206 All installed packages are compatible
#7 DONE 0.2s

#8 [4/5] COPY scripts/controller_native_role.py /opt/specorganon/scripts/controller_native_role.py
#8 DONE 0.0s

#9 [5/5] WORKDIR /runs
#9 DONE 0.1s

#10 exporting to image
#10 exporting layers 0.1s done
#10 exporting manifest sha256:fde7fb520ced3f0f00d69d00a58be627cdbd6aad9a5b91a5d81fbf5da8679cb3 0.0s done
#10 exporting config sha256:0d3d9eeb36707f210ec6948b1af1cc5fc69a9a3600c5ea5c1c55316100feefee 0.0s done
#10 exporting attestation manifest sha256:798662a2c957f60e4f4270c54d7f364dc17a0c3eebe9a864b66195b3c7ec7169 0.0s done
#10 exporting manifest list sha256:6d196a4a021b872e2ea7d799e1797834e23b570e635bd640095f4521cca04ce2 done
#10 naming to docker.io/library/specorganon:method-superiority-dev4 done
#10 unpacking to docker.io/library/specorganon:method-superiority-dev4 0.1s done
#10 naming to docker.io/library/specorganon-release:0.2.0rc3.dev4 done
#10 unpacking to docker.io/library/specorganon-release:0.2.0rc3.dev4 0.0s done
#10 DONE 0.3s
