Retrieving project…
Deploying stevenvo780s-projects/specorganon-presentacion
Uploading [--------------------] (0.0B/3.8MB)
Uploading [=====---------------] (984.9KB/3.8MB)
Uploading [==========----------] (1.9MB/3.8MB)
Uploading [===============-----] (2.8MB/3.8MB)
Uploading [====================] (3.8MB/3.8MB)
  Inspect     https://vercel.com/stevenvo780s-projects/specorganon-presentacion/CpBYHVV5jpPxbFFWt34xHVxWv9eQ
▲ Production  https://specorganon-presentacion-52j8gp4vr-stevenvo780s-projects.vercel.app
Building…
Building…
Running build in Washington, D.C., USA (East) – iad1
Build machine configuration: 4 cores, 8 GB
Retrieving list of deployment files...
Downloading 89 deployment files...
Restored build cache from previous deployment (EKMz6q57ry7kiCCuvpH4f26PWBT7)
Running "vercel build"
Vercel CLI 62.1.0
Running "install" command: `npm ci`...
added 37 packages, and audited 38 packages in 4s
12 packages are looking for funding
run `npm fund` for details
found 0 vulnerabilities
> specorganon-presentacion@1.0.0 build
> tsc -b && vite build
vite v8.3.2 building client environment for production...
transforming...
✓ 2314 modules transformed.
rendering chunks...
computing gzip size...
dist/index.html                                                     2.05 kB │ gzip:  0.94 kB
dist/assets/geist-cyrillic-ext-wght-normal-DjL33-gN.woff2           7.42 kB
dist/assets/jetbrains-mono-vietnamese-wght-normal-Bt-aOZkq.woff2    7.50 kB
dist/assets/geist-vietnamese-wght-normal-6IgcOCM7.woff2             8.00 kB
dist/assets/jetbrains-mono-greek-wght-normal-Bw9x6K1M.woff2         9.00 kB
dist/assets/jetbrains-mono-cyrillic-wght-normal-D73BlboJ.woff2     12.10 kB
dist/assets/geist-cyrillic-wght-normal-BEAKL7Jp.woff2              15.08 kB
dist/assets/jetbrains-mono-latin-ext-wght-normal-DBQx-q_a.woff2    15.19 kB
dist/assets/geist-latin-ext-wght-normal-DC-KSUi6.woff2             16.51 kB
dist/assets/instrument-serif-latin-400-normal-BVbkICAY.woff        18.33 kB
dist/assets/instrument-serif-latin-400-italic-u__WvvIK.woff        19.26 kB
dist/assets/instrument-serif-latin-400-normal-DnYpCC2O.woff2       21.03 kB
dist/assets/instrument-serif-latin-400-italic-DKMiL14s.woff2       22.12 kB
dist/assets/geist-latin-wght-normal-BgDaEnEv.woff2                 29.40 kB
dist/assets/jetbrains-mono-latin-wght-normal-B9CIFXIH.woff2        40.40 kB
dist/assets/index-Bw1WzKEZ.css                                     81.59 kB │ gzip: 18.99 kB
dist/assets/rolldown-runtime-CbXtAM7H.js                            0.58 kB │ gzip:  0.36 kB
dist/assets/motion-BybXAei1.js                                    150.01 kB │ gzip: 49.70 kB
dist/assets/framework-Dy-GIXkn.js                                 218.83 kB │ gzip: 68.25 kB
dist/assets/index-nFq_cAdS.js                                     265.14 kB │ gzip: 59.40 kB
✓ built in 348ms
Build Completed in /vercel/output [6s]
Deploying outputs...
Deployment completed
Creating build cache...
[2K[1A[2K[G▲ Production  https://specorganon-presentacion-52j8gp4vr-stevenvo780s-projects.vercel.app
Completing…
▲ Aliased     https://specorganon.stevenvallejo.com
