Retrieving project…
Deploying stevenvo780s-projects/specorganon-presentacion
Uploading [--------------------] (0.0B/547.2KB)
Uploading [=====---------------] (140.6KB/547.2KB)
Uploading [==========----------] (283.8KB/547.2KB)
Uploading [===============-----] (411.8KB/547.2KB)
Uploading [====================] (547.2KB/547.2KB)
  Inspect     https://vercel.com/stevenvo780s-projects/specorganon-presentacion/2zRjWguSb2UaE5mNkaiKaRjzUgBj
▲ Production  https://specorganon-presentacion-661dub5gw-stevenvo780s-projects.vercel.app
Building…
Building…
Running build in Washington, D.C., USA (East) – iad1
Build machine configuration: 4 cores, 8 GB
Retrieving list of deployment files...
Downloading 90 deployment files...
Restored build cache from previous deployment (CpBYHVV5jpPxbFFWt34xHVxWv9eQ)
Running "vercel build"
Vercel CLI 62.1.0
Running "install" command: `npm ci`...
added 37 packages, and audited 38 packages in 5s
12 packages are looking for funding
run `npm fund` for details
found 0 vulnerabilities
[2K[1A[2K[G▲ Production  https://specorganon-presentacion-661dub5gw-stevenvo780s-projects.vercel.app
Completing…
▲ Aliased     https://specorganon.stevenvallejo.com
