Traceback (most recent call last):
  File "<frozen runpy>", line 198, in _run_module_as_main
  File "<frozen runpy>", line 88, in _run_code
  File "/opt/specorganon/venv/lib/python3.12/site-packages/pytest/__main__.py", line 9, in <module>
    raise SystemExit(_console_main())
                     ^^^^^^^^^^^^^^^
  File "/opt/specorganon/venv/lib/python3.12/site-packages/_pytest/config/__init__.py", line 253, in _console_main
    code = _main(prog=_get_prog_name(sys.argv))
           ^^^^^^^^^^^^^^^^^^^^^^^^^^^^^^^^^^^^
  File "/opt/specorganon/venv/lib/python3.12/site-packages/_pytest/config/__init__.py", line 223, in _main
    config = _prepareconfig(new_args, plugins, prog=prog)
             ^^^^^^^^^^^^^^^^^^^^^^^^^^^^^^^^^^^^^^^^^^^^
  File "/opt/specorganon/venv/lib/python3.12/site-packages/_pytest/config/__init__.py", line 410, in _prepareconfig
    config: Config = pluginmanager.hook.pytest_cmdline_parse(
                     ^^^^^^^^^^^^^^^^^^^^^^^^^^^^^^^^^^^^^^^^
  File "/opt/specorganon/venv/lib/python3.12/site-packages/pluggy/_hooks.py", line 512, in __call__
    return self._hookexec(self.name, self._hookimpls.copy(), kwargs, firstresult)
           ^^^^^^^^^^^^^^^^^^^^^^^^^^^^^^^^^^^^^^^^^^^^^^^^^^^^^^^^^^^^^^^^^^^^^^
  File "/opt/specorganon/venv/lib/python3.12/site-packages/pluggy/_manager.py", line 120, in _hookexec
    return self._inner_hookexec(hook_name, methods, kwargs, firstresult)
           ^^^^^^^^^^^^^^^^^^^^^^^^^^^^^^^^^^^^^^^^^^^^^^^^^^^^^^^^^^^^^
  File "/opt/specorganon/venv/lib/python3.12/site-packages/pluggy/_callers.py", line 167, in _multicall
    raise exception
  File "/opt/specorganon/venv/lib/python3.12/site-packages/pluggy/_callers.py", line 139, in _multicall
    teardown.throw(exception)
  File "/opt/specorganon/venv/lib/python3.12/site-packages/_pytest/helpconfig.py", line 124, in pytest_cmdline_parse
    config = yield
             ^^^^^
  File "/opt/specorganon/venv/lib/python3.12/site-packages/pluggy/_callers.py", line 121, in _multicall
    res = hook_impl.function(*args)
          ^^^^^^^^^^^^^^^^^^^^^^^^^
  File "/opt/specorganon/venv/lib/python3.12/site-packages/_pytest/config/__init__.py", line 1232, in pytest_cmdline_parse
    self.parse(args)
  File "/opt/specorganon/venv/lib/python3.12/site-packages/_pytest/config/__init__.py", line 1605, in parse
    self.hook.pytest_load_initial_conftests(
  File "/opt/specorganon/venv/lib/python3.12/site-packages/pluggy/_hooks.py", line 512, in __call__
    return self._hookexec(self.name, self._hookimpls.copy(), kwargs, firstresult)
           ^^^^^^^^^^^^^^^^^^^^^^^^^^^^^^^^^^^^^^^^^^^^^^^^^^^^^^^^^^^^^^^^^^^^^^
  File "/opt/specorganon/venv/lib/python3.12/site-packages/pluggy/_manager.py", line 120, in _hookexec
    return self._inner_hookexec(hook_name, methods, kwargs, firstresult)
           ^^^^^^^^^^^^^^^^^^^^^^^^^^^^^^^^^^^^^^^^^^^^^^^^^^^^^^^^^^^^^
  File "/opt/specorganon/venv/lib/python3.12/site-packages/pluggy/_callers.py", line 167, in _multicall
    raise exception
  File "/opt/specorganon/venv/lib/python3.12/site-packages/pluggy/_callers.py", line 139, in _multicall
    teardown.throw(exception)
  File "/opt/specorganon/venv/lib/python3.12/site-packages/_pytest/warnings.py", line 129, in pytest_load_initial_conftests
    return (yield)
            ^^^^^
  File "/opt/specorganon/venv/lib/python3.12/site-packages/pluggy/_callers.py", line 116, in _multicall
    next(function_gen)  # first yield
    ^^^^^^^^^^^^^^^^^^
  File "/opt/specorganon/venv/lib/python3.12/site-packages/_pytest/capture.py", line 170, in pytest_load_initial_conftests
    capman.start_global_capturing()
  File "/opt/specorganon/venv/lib/python3.12/site-packages/_pytest/capture.py", line 773, in start_global_capturing
    self._global_capturing = _get_multicapture(self._method)
                             ^^^^^^^^^^^^^^^^^^^^^^^^^^^^^^^
  File "/opt/specorganon/venv/lib/python3.12/site-packages/_pytest/capture.py", line 714, in _get_multicapture
    return MultiCapture(in_=FDCapture(0), out=FDCapture(1), err=FDCapture(2))
                                              ^^^^^^^^^^^^
  File "/opt/specorganon/venv/lib/python3.12/site-packages/_pytest/capture.py", line 493, in __init__
    TemporaryFile(buffering=0),
    ^^^^^^^^^^^^^^^^^^^^^^^^^^
  File "/usr/lib/python3.12/tempfile.py", line 770, in TemporaryFile
    prefix, suffix, dir, output_type = _sanitize_params(prefix, suffix, dir)
                                       ^^^^^^^^^^^^^^^^^^^^^^^^^^^^^^^^^^^^^
  File "/usr/lib/python3.12/tempfile.py", line 265, in _sanitize_params
    dir = gettempdir()
          ^^^^^^^^^^^^
  File "/usr/lib/python3.12/tempfile.py", line 454, in gettempdir
    return _os.fsdecode(_gettempdir())
                        ^^^^^^^^^^^^^
  File "/usr/lib/python3.12/tempfile.py", line 447, in _gettempdir
    tempdir = _get_default_tempdir()
              ^^^^^^^^^^^^^^^^^^^^^^
  File "/usr/lib/python3.12/tempfile.py", line 362, in _get_default_tempdir
    raise FileNotFoundError(_errno.ENOENT,
FileNotFoundError: [Errno 2] No usable temporary directory found in ['/tmp', '/var/tmp', '/usr/tmp', '/workspace/SpecOrganon']
