tests/test_coordinated_prototype_runtime.py::test_changed_compiler_still_rejects_under_synthetic_authority
tests/test_coordinated_prototype_runtime.py::test_invalid_configuration_creates_no_inputs_run_or_claim[extra]
tests/test_coordinated_prototype_runtime.py::test_invalid_configuration_creates_no_inputs_run_or_claim[bool_schema]
tests/test_coordinated_prototype_runtime.py::test_invalid_configuration_creates_no_inputs_run_or_claim[bool_output]
tests/test_coordinated_prototype_runtime.py::test_invalid_configuration_creates_no_inputs_run_or_claim[over_output]
tests/test_coordinated_prototype_runtime.py::test_invalid_configuration_creates_no_inputs_run_or_claim[role_extra]
tests/test_coordinated_prototype_runtime.py::test_invalid_configuration_creates_no_inputs_run_or_claim[reviewer_turns]
tests/test_coordinated_prototype_runtime.py::test_invalid_configuration_creates_no_inputs_run_or_claim[epochs]
tests/test_coordinated_prototype_runtime.py::test_invalid_configuration_creates_no_inputs_run_or_claim[wall]
tests/test_coordinated_prototype_runtime.py::test_unbound_or_overlapping_paths_rejected_before_io[bundle_child]
tests/test_coordinated_prototype_runtime.py::test_unbound_or_overlapping_paths_rejected_before_io[repo_child]
tests/test_coordinated_prototype_runtime.py::test_unbound_or_overlapping_paths_rejected_before_io[admission_overlap]
tests/test_coordinated_prototype_runtime.py::test_unbound_or_overlapping_paths_rejected_before_io[run_alias]
tests/test_coordinated_prototype_runtime.py::test_unbound_or_overlapping_paths_rejected_before_io[unknown_run]
tests/test_coordinated_prototype_runtime.py::test_original_modes_multiple_delegations_same_budget_and_final_host_analysis[D-F-A]
tests/test_coordinated_prototype_runtime.py::test_original_modes_multiple_delegations_same_budget_and_final_host_analysis[D-F-B]
tests/test_coordinated_prototype_runtime.py::test_original_modes_multiple_delegations_same_budget_and_final_host_analysis[D-F-C]
tests/test_coordinated_prototype_runtime.py::test_original_modes_multiple_delegations_same_budget_and_final_host_analysis[D-E-A]
tests/test_coordinated_prototype_runtime.py::test_original_modes_multiple_delegations_same_budget_and_final_host_analysis[D-E-B]
tests/test_coordinated_prototype_runtime.py::test_original_modes_multiple_delegations_same_budget_and_final_host_analysis[D-E-C]
tests/test_coordinated_prototype_runtime.py::test_stale_checkpoint_rejected_without_transport_or_budget_changes
tests/test_coordinated_prototype_runtime.py::test_cached_closure_rechecks_bytes_and_candidate_existence[bytes]
tests/test_coordinated_prototype_runtime.py::test_cached_closure_rechecks_bytes_and_candidate_existence[new_import]
tests/test_coordinated_prototype_runtime.py::test_declared_unpublished_freeze_is_not_admitted
tests/test_coordinated_prototype_runtime.py::test_changed_input_after_prepare_never_counts_sends_or_claims
tests/test_coordinated_prototype_runtime.py::test_different_tool_interpreter_rejected_before_preparation_io
tests/test_coordinated_prototype_runtime.py::test_different_tool_interpreter_rejected_on_reopen_without_transport_or_claim

27 tests collected in 0.04s
