FF.F                                                                     [100%]
=================================== FAILURES ===================================
_______ test_unknown_profile_rejects_even_when_host_binary_is_available ________

monkeypatch = <_pytest.monkeypatch.MonkeyPatch object at 0x7f88780c0d70>

    def test_unknown_profile_rejects_even_when_host_binary_is_available(monkeypatch):
        # A silent fallback here would turn a misspelled deployment into false success.
        monkeypatch.setenv("SPECORGANON_EXTRACTOR_PROFILE", "not-registered")
>       with pytest.raises(SourceAuditError, match="profile"):
             ^^^^^^^^^^^^^^^^^^^^^^^^^^^^^^^^^^^^^^^^^^^^^^^^
E       AssertionError: Regex pattern did not match.
E         Expected regex: 'profile'
E         Actual message: 'extractor bytes differ from reviewed digest'

tests/test_extractor_profiles.py:24: AssertionError
___ test_explicit_profile_revalidates_without_rewriting_historical_contract ____

monkeypatch = <_pytest.monkeypatch.MonkeyPatch object at 0x7f88780c21b0>

    def test_explicit_profile_revalidates_without_rewriting_historical_contract(monkeypatch):
        # Removing profile selection would reproduce the host portability failure;
        # dropping provenance would falsely suggest the historical binary was used.
        monkeypatch.setenv("SPECORGANON_EXTRACTOR_PROFILE", PROFILE)
        before = auditor.CONTRACT.read_bytes()
>       result = auditor.audit_bread_sources()
                 ^^^^^^^^^^^^^^^^^^^^^^^^^^^^^

tests/test_extractor_profiles.py:33: 
_ _ _ _ _ _ _ _ _ _ _ _ _ _ _ _ _ _ _ _ _ _ _ _ _ _ _ _ _ _ _ _ _ _ _ _ _ _ _ _ 
scripts/audit_bread_sources.py:125: in audit_bread_sources
    name: read_pdf_pages(pdf_root / identity["visible_file"],
src/specorganon/source_passages.py:115: in read_pdf_pages
    with _sealed_extractor(extractor) as (executable, fd), tempfile.TemporaryDirectory(
         ^^^^^^^^^^^^^^^^^^^^^^^^^^^^
/home/stev/.local/share/uv/python/cpython-3.12.13-linux-x86_64-gnu/lib/python3.12/contextlib.py:137: in __enter__
    return next(self.gen)
           ^^^^^^^^^^^^^^
_ _ _ _ _ _ _ _ _ _ _ _ _ _ _ _ _ _ _ _ _ _ _ _ _ _ _ _ _ _ _ _ _ _ _ _ _ _ _ _ 

spec = ExtractorSpec(path=PosixPath('/usr/bin/pdftotext'), sha256='0fb98ea179e19154a90202608c164f2a319b79f16576fa6534b2d601033565e7')

    @contextmanager
    def _sealed_extractor(spec: ExtractorSpec):
        """Execute the verified binary bytes, without a second path lookup."""
        if (not spec.path.is_absolute()
                or re.fullmatch(r"[0-9a-f]{64}", spec.sha256) is None):
            raise SourceAuditError("extractor needs an absolute path and reviewed digest")
        sealed = None
        try:
            fd = os.open(spec.path, os.O_RDONLY | os.O_NOFOLLOW | os.O_NONBLOCK)
            with os.fdopen(fd, "rb") as stream:
                info = os.fstat(stream.fileno())
                if not stat.S_ISREG(info.st_mode) or not 0 < info.st_size <= 20_000_000:
                    raise SourceAuditError("extractor is not a bounded regular file")
                raw = stream.read(20_000_001)
            if hashlib.sha256(raw).hexdigest() != spec.sha256:
>               raise SourceAuditError("extractor bytes differ from reviewed digest")
E               specorganon.source_passages.SourceAuditError: extractor bytes differ from reviewed digest

src/specorganon/source_passages.py:81: SourceAuditError
______ test_cli_profile_is_explicit_and_unknown_profile_emits_no_receipt _______

tmp_path = PosixPath('/datos/workspaces/personal/SpecOrganon/goals/autonomous-software-v1/test-tmp-red/test_cli_profile_is_explicit_a0')
monkeypatch = <_pytest.monkeypatch.MonkeyPatch object at 0x7f887810df10>

    def test_cli_profile_is_explicit_and_unknown_profile_emits_no_receipt(tmp_path, monkeypatch):
        monkeypatch.delenv("SPECORGANON_EXTRACTOR_PROFILE", raising=False)
        receipt = tmp_path / "receipt.json"
        command = [sys.executable, str(ROOT / "scripts/audit_bread_sources.py"),
                   "--extractor-profile", PROFILE, "--output", str(receipt)]
        completed = subprocess.run(command, capture_output=True, text=True)
>       assert completed.returncode == 0, completed.stderr
E       AssertionError: usage: audit_bread_sources.py [-h] [--claims CLAIMS] [--table TABLE]
E                                       [--pdf-root PDF_ROOT] [--output OUTPUT]
E         audit_bread_sources.py: error: unrecognized arguments: --extractor-profile cachyos-26.08.0-x86_64-v4
E         
E       assert 2 == 0
E        +  where 2 = CompletedProcess(args=['/datos/workspaces/personal/SpecOrganon/.venv/bin/python', '/datos/workspaces/personal/SpecOrga...utput OUTPUT]\naudit_bread_sources.py: error: unrecognized arguments: --extractor-profile cachyos-26.08.0-x86_64-v4\n').returncode

tests/test_extractor_profiles.py:57: AssertionError
=========================== short test summary info ============================
FAILED tests/test_extractor_profiles.py::test_unknown_profile_rejects_even_when_host_binary_is_available
FAILED tests/test_extractor_profiles.py::test_explicit_profile_revalidates_without_rewriting_historical_contract
FAILED tests/test_extractor_profiles.py::test_cli_profile_is_explicit_and_unknown_profile_emits_no_receipt
3 failed, 1 passed in 0.12s
