...............F....                                                     [100%]
=================================== FAILURES ===================================
__ test_maximum_full_validate_context_keeps_all_items_files_and_test_streams ___

tmp_path = PosixPath('/tmp/pytest-of-stev/pytest-99/test_maximum_full_validate_con0')

    def test_maximum_full_validate_context_keeps_all_items_files_and_test_streams(tmp_path):
        ctrl=build_fixture(tmp_path);ctrl.executor=Executor(tmp_path,stdout=b'X'*3994,stderr=b'Y'*3994);program(ctrl);stage_tests(ctrl);ctrl.step()
        state=engine.get_state(ctrl.case)
        state['phases']['build']['accepted']=True
        # Model a final current snapshot at each declared phase cap. All complete
        # item maps remain in the request, including issues/deps and test receipt.
        for phase in state['phases']:
            group={k:v for k,v in state['items'].items() if KIND_TO_PHASE[v['kind']]==phase}
            if not group:
                item=copy.deepcopy(state['items']['p1']);item.update(id='res1',kind='result')
                state['items']['res1']=item;group={'res1':item}
            template=next(iter(group.values()))
            for index in range(len(group),6):
                item=copy.deepcopy(template);item['id']=phase+str(index);item['data']={};item['text']='Synthetic cap'
                # No cloned measured job refs: a receipt is kept once, in t1.
                item['test_execution_provenance']=None
                group[item['id']]=item;state['items'][item['id']]=item
            target=next(iter(group.values()))
            while encoded_contribution(group)>6000: target['text']=target['text'][:-1]
            while encoded_contribution(group)<6000:
                target['text']+='x'
            target['text']=target['text'][:-1]
            assert 5990<=encoded_contribution(group)<=6000
        files=ctrl._files();files['README.md']+='x'*17000
        while encoded_contribution(files)<20000:files['README.md']+='x'
        files['README.md']=files['README.md'][:-1]
        ctrl._write_files({'source_files':ctrl._files()},{'README.md':files['README.md']})
        progress=_json(ctrl.root/'progress.json')
        # History is complete for this fixture. Arbitrarily large native reasons
        # remain subject to the independent final 110000-byte admission guard.
        request=ctrl._request(state,'review',progress)
        assert len(canonical(request))<=110000
>       assert json.loads(request['documents']['state.json'])==state
E       AssertionError: assert {'approval_id...ons': [], ...} == {'project': {...eclared', ...}
E         
E         Omitting 16 identical items, use -vv to show
E         Differing items:
E         {'items': {'a1': {'approval_status': 'missing', 'approved': False, 'author': 'author:synthetic-prerequisite', 'contest...: {'approval_status': 'missing', 'approved': False, 'author': 'agent:synthetic-author', 'contested': False, ...}, ...}} != {'items': {'p1': {'data': {}, 'deps': {}, 'id': 'p1', 'kind': 'problem', ...}, 'a1': {'data': {}, 'deps': {'p1': 1}, '... 'id': 'b1', 'kind': 'boundary', ...}, 'c1': {'data': {}, 'deps': {'p1': 1}, 'id': 'c1', 'kind': 'concept', ...}, ...}}
E         Use -v to get more diff

tests/test_software_controller_resources.py:215: AssertionError
=========================== short test summary info ============================
FAILED tests/test_software_controller_resources.py::test_maximum_full_validate_context_keeps_all_items_files_and_test_streams
1 failed, 19 passed in 3.52s
