{
  "status": "ok",
  "deployment": {
    "id": "dpl_6bW6qhaSv36QGWbjbEEJRwhdPr1Z",
    "url": "https://specorganon-presentacion-jb7e0e86s-stevenvo780s-projects.vercel.app",
    "inspectorUrl": "https://vercel.com/stevenvo780s-projects/specorganon-presentacion/6bW6qhaSv36QGWbjbEEJRwhdPr1Z",
    "readyState": "READY",
    "target": "production",
    "deploymentApiUrl": "https://api.vercel.com/v13/deployments/dpl_6bW6qhaSv36QGWbjbEEJRwhdPr1Z"
  },
  "message": "Deployment specorganon-presentacion-jb7e0e86s-stevenvo780s-projects.vercel.app ready.",
  "next": [
    {
      "command": "vercel inspect specorganon-presentacion-jb7e0e86s-stevenvo780s-projects.vercel.app",
      "when": "Inspect deployment"
    },
    {
      "command": "vercel deploy --prod",
      "when": "Promote to production"
    }
  ]
}
