Retrieving project…
Deploying stevenvo780s-projects/specorganon-presentacion
Uploading [--------------------] (0.0B/706.4KB)
Uploading [=====---------------] (187.8KB/706.4KB)
Uploading [==========----------] (356.5KB/706.4KB)
Uploading [===============-----] (540.5KB/706.4KB)
Uploading [====================] (706.4KB/706.4KB)
  Inspect     https://vercel.com/stevenvo780s-projects/specorganon-presentacion/6bW6qhaSv36QGWbjbEEJRwhdPr1Z
▲ Production  https://specorganon-presentacion-jb7e0e86s-stevenvo780s-projects.vercel.app
Building…
Building…
Running build in Washington, D.C., USA (East) – iad1
Build machine configuration: 4 cores, 8 GB
Retrieving list of deployment files...
Downloading 73 deployment files...
Restored build cache from previous deployment (2WCPJmpswDLxgKz2FShCn6iGBzhu)
Running "vercel build"
Vercel CLI 62.1.0
Running "install" command: `npm ci`...
added 37 packages, and audited 38 packages in 4s
12 packages are looking for funding
run `npm fund` for details
found 0 vulnerabilities
> specorganon-presentacion@1.0.0 build
> tsc -b && vite build
[2K[1A[2K[G▲ Production  https://specorganon-presentacion-jb7e0e86s-stevenvo780s-projects.vercel.app
Completing…
▲ Aliased     https://specorganon.stevenvallejo.com
