poppler-utils:
  Installed: (none)
  Candidate: 24.02.0-1ubuntu9.9
  Version table:
     24.02.0-1ubuntu9.9 500
        500 http://archive.ubuntu.com/ubuntu noble-updates/main amd64 Packages
        500 http://security.ubuntu.com/ubuntu noble-security/main amd64 Packages
     24.02.0-1ubuntu9 500
        500 http://archive.ubuntu.com/ubuntu noble/main amd64 Packages
python3:
  Installed: (none)
  Candidate: 3.12.3-0ubuntu2.1
  Version table:
     3.12.3-0ubuntu2.1 500
        500 http://archive.ubuntu.com/ubuntu noble-updates/main amd64 Packages
        500 http://security.ubuntu.com/ubuntu noble-security/main amd64 Packages
     3.12.3-0ubuntu1 500
        500 http://archive.ubuntu.com/ubuntu noble/main amd64 Packages
python3-venv:
  Installed: (none)
  Candidate: 3.12.3-0ubuntu2.1
  Version table:
     3.12.3-0ubuntu2.1 500
        500 http://archive.ubuntu.com/ubuntu noble-updates/universe amd64 Packages
        500 http://security.ubuntu.com/ubuntu noble-security/universe amd64 Packages
     3.12.3-0ubuntu1 500
        500 http://archive.ubuntu.com/ubuntu noble/universe amd64 Packages
