Retrieving project…
Deploying stevenvo780s-projects/specorganon-presentacion
Uploading [--------------------] (0.0B/77.1KB)
Uploading [======--------------] (26.3KB/77.1KB)
Uploading [==========----------] (42.3KB/77.1KB)
Uploading [===============-----] (58.3KB/77.1KB)
Uploading [====================] (77.1KB/77.1KB)
  Inspect     https://vercel.com/stevenvo780s-projects/specorganon-presentacion/2WCPJmpswDLxgKz2FShCn6iGBzhu
▲ Production  https://specorganon-presentacion-9kaba91tl-stevenvo780s-projects.vercel.app
Building…
Building…
Running build in Washington, D.C., USA (East) – iad1
Build machine configuration: 4 cores, 8 GB
Retrieving list of deployment files...
Downloading 70 deployment files...
Restored build cache from previous deployment (9VsJJBXrC8BjtqxZ4wWjrES8c5W9)
Running "vercel build"
Vercel CLI 62.1.0
Running "install" command: `npm ci`...
[2K[1A[2K[G▲ Production  https://specorganon-presentacion-9kaba91tl-stevenvo780s-projects.vercel.app
Completing…
▲ Aliased     https://specorganon.stevenvallejo.com
