Retrieving project…
Deploying stevenvo780s-projects/specorganon-presentacion
Uploading [--------------------] (0.0B/58.3KB)
Uploading [=====---------------] (16.2KB/58.3KB)
Uploading [==========----------] (31.9KB/58.3KB)
Uploading [================----] (47.9KB/58.3KB)
Uploading [====================] (58.3KB/58.3KB)
  Inspect     https://vercel.com/stevenvo780s-projects/specorganon-presentacion/6rPSdGymrZ8ejBkokvNy7dbB5R3P
▲ Production  https://specorganon-presentacion-ozqrspzld-stevenvo780s-projects.vercel.app
Building…
Building…
Running build in Washington, D.C., USA (East) – iad1
Build machine configuration: 4 cores, 8 GB
Retrieving list of deployment files...
Downloading 68 deployment files...
Restored build cache from previous deployment (J8ePiBT92E4U8nkpi3kTNAGWBuMh)
Running "vercel build"
Vercel CLI 62.1.0
Running "install" command: `npm ci`...
added 37 packages, and audited 38 packages in 5s
12 packages are looking for funding
run `npm fund` for details
found 0 vulnerabilities
> specorganon-presentacion@1.0.0 build
> tsc -b && vite build
[2K[1A[2K[G▲ Production  https://specorganon-presentacion-ozqrspzld-stevenvo780s-projects.vercel.app
Completing…
▲ Aliased     https://specorganon.stevenvallejo.com
