Retrieving project…
Deploying stevenvo780s-projects/specorganon-presentacion
Uploading [--------------------] (0.0B/16KB)
Uploading [===================-] (16.0KB/16KB)
Uploading [====================] (16.0KB/16KB)
  Inspect     https://vercel.com/stevenvo780s-projects/specorganon-presentacion/J8ePiBT92E4U8nkpi3kTNAGWBuMh
▲ Production  https://specorganon-presentacion-1w1xnyemi-stevenvo780s-projects.vercel.app
Building…
Running build in Washington, D.C., USA (East) – iad1
Build machine configuration: 4 cores, 8 GB
Retrieving list of deployment files...
Downloading 67 deployment files...
Restored build cache from previous deployment (8YGVErMFGnpdtKqLsjWood2XXmE6)
Running "vercel build"
Vercel CLI 62.1.0
Running "install" command: `npm ci`...
Running "install" command: `npm ci`...
[2K[1A[2K[G▲ Production  https://specorganon-presentacion-1w1xnyemi-stevenvo780s-projects.vercel.app
Completing…
▲ Aliased     https://specorganon.stevenvallejo.com
