Retrieving project…
Deploying stevenvo780s-projects/specorganon-presentacion
Uploading [--------------------] (0.0B/73KB)
Uploading [======--------------] (23.9KB/73KB)
Uploading [===========---------] (41.3KB/73KB)
Uploading [===============-----] (57.3KB/73KB)
Uploading [====================] (73.0KB/73KB)
  Inspect     https://vercel.com/stevenvo780s-projects/specorganon-presentacion/9VsJJBXrC8BjtqxZ4wWjrES8c5W9
▲ Production  https://specorganon-presentacion-i2tgz9rwj-stevenvo780s-projects.vercel.app
Building…
Building…
Running build in Washington, D.C., USA (East) – iad1
Build machine configuration: 4 cores, 8 GB
Retrieving list of deployment files...
Downloading 69 deployment files...
Restored build cache from previous deployment (6rPSdGymrZ8ejBkokvNy7dbB5R3P)
Running "vercel build"
Vercel CLI 62.1.0
Running "install" command: `npm ci`...
added 37 packages, and audited 38 packages in 4s
12 packages are looking for funding
run `npm fund` for details
found 0 vulnerabilities
[2K[1A[2K[G▲ Production  https://specorganon-presentacion-i2tgz9rwj-stevenvo780s-projects.vercel.app
Completing…
▲ Aliased     https://specorganon.stevenvallejo.com
