{
  "status": "ok",
  "deployment": {
    "id": "dpl_6rPSdGymrZ8ejBkokvNy7dbB5R3P",
    "url": "https://specorganon-presentacion-ozqrspzld-stevenvo780s-projects.vercel.app",
    "inspectorUrl": "https://vercel.com/stevenvo780s-projects/specorganon-presentacion/6rPSdGymrZ8ejBkokvNy7dbB5R3P",
    "readyState": "READY",
    "target": "production",
    "deploymentApiUrl": "https://api.vercel.com/v13/deployments/dpl_6rPSdGymrZ8ejBkokvNy7dbB5R3P"
  },
  "message": "Deployment specorganon-presentacion-ozqrspzld-stevenvo780s-projects.vercel.app ready.",
  "next": [
    {
      "command": "vercel inspect specorganon-presentacion-ozqrspzld-stevenvo780s-projects.vercel.app",
      "when": "Inspect deployment"
    },
    {
      "command": "vercel deploy --prod",
      "when": "Promote to production"
    }
  ]
}
