{
  "status": "ok",
  "deployment": {
    "id": "dpl_9VsJJBXrC8BjtqxZ4wWjrES8c5W9",
    "url": "https://specorganon-presentacion-i2tgz9rwj-stevenvo780s-projects.vercel.app",
    "inspectorUrl": "https://vercel.com/stevenvo780s-projects/specorganon-presentacion/9VsJJBXrC8BjtqxZ4wWjrES8c5W9",
    "readyState": "READY",
    "target": "production",
    "deploymentApiUrl": "https://api.vercel.com/v13/deployments/dpl_9VsJJBXrC8BjtqxZ4wWjrES8c5W9"
  },
  "message": "Deployment specorganon-presentacion-i2tgz9rwj-stevenvo780s-projects.vercel.app ready.",
  "next": [
    {
      "command": "vercel inspect specorganon-presentacion-i2tgz9rwj-stevenvo780s-projects.vercel.app",
      "when": "Inspect deployment"
    },
    {
      "command": "vercel deploy --prod",
      "when": "Promote to production"
    }
  ]
}
