{
  "status": "ok",
  "deployment": {
    "id": "dpl_2WCPJmpswDLxgKz2FShCn6iGBzhu",
    "url": "https://specorganon-presentacion-9kaba91tl-stevenvo780s-projects.vercel.app",
    "inspectorUrl": "https://vercel.com/stevenvo780s-projects/specorganon-presentacion/2WCPJmpswDLxgKz2FShCn6iGBzhu",
    "readyState": "READY",
    "target": "production",
    "deploymentApiUrl": "https://api.vercel.com/v13/deployments/dpl_2WCPJmpswDLxgKz2FShCn6iGBzhu"
  },
  "message": "Deployment specorganon-presentacion-9kaba91tl-stevenvo780s-projects.vercel.app ready.",
  "next": [
    {
      "command": "vercel inspect specorganon-presentacion-9kaba91tl-stevenvo780s-projects.vercel.app",
      "when": "Inspect deployment"
    },
    {
      "command": "vercel deploy --prod",
      "when": "Promote to production"
    }
  ]
}
