Retrieving project…
Deploying stevenvo780s-projects/specorganon-presentacion
Uploading [--------------------] (0.0B/55KB)
Uploading [=====---------------] (14.8KB/55KB)
Uploading [============--------] (33.7KB/55KB)
Uploading [==================--] (51.1KB/55KB)
Uploading [====================] (55.0KB/55KB)
  Inspect     https://vercel.com/stevenvo780s-projects/specorganon-presentacion/8dNDg4QsAJpQvYewZbZtJfhjyUyL
▲ Production  https://specorganon-presentacion-nusi9ucia-stevenvo780s-projects.vercel.app
Building…
Building…
Running build in Washington, D.C., USA (East) – iad1
Build machine configuration: 4 cores, 8 GB
Retrieving list of deployment files...
Downloading 94 deployment files...
Restored build cache from previous deployment (2zRjWguSb2UaE5mNkaiKaRjzUgBj)
Running "vercel build"
Vercel CLI 62.1.0
Running "install" command: `npm ci`...
added 37 packages, and audited 38 packages in 4s
12 packages are looking for funding
run `npm fund` for details
found 0 vulnerabilities
> specorganon-presentacion@1.0.0 build
> tsc -b && vite build
vite v8.3.2 building client environment for production...
transforming...
✓ 2316 modules transformed.
[2K[1A[2K[G▲ Production  https://specorganon-presentacion-nusi9ucia-stevenvo780s-projects.vercel.app
Completing…
▲ Aliased     https://specorganon.stevenvallejo.com
