..F.                                                                     [100%]
=================================== FAILURES ===================================
___ test_real_closed_measure_crash_before_generation_reuses_receipt_not_run ____

tmp_path = PosixPath('/tmp/pytest-of-stev/pytest-345/test_real_closed_measure_crash0')
monkeypatch = <_pytest.monkeypatch.MonkeyPatch object at 0x7fd8c7b08640>

    def test_real_closed_measure_crash_before_generation_reuses_receipt_not_run(tmp_path,monkeypatch):
        c=make_actual_controller(tmp_path/'run')
        try:
            for _ in range(3):assert c.step()['status']=='running'
            original=c._apply
            def crash(*args):raise KeyboardInterrupt('injected controller crash after closed Docker measurement')
            monkeypatch.setattr(c,'_apply',crash)
            with pytest.raises(KeyboardInterrupt):c.step()
>           folders=list((c.transport.actual.root/'jobs').iterdir());assert len(folders)==1
                         ^^^^^^^^^^^^^^^^^^^^^^^^^^^^^^^^^^^^^^^^^^

tests/test_neutral_docker_controls.py:86: 
_ _ _ _ _ _ _ _ _ _ _ _ _ _ _ _ _ _ _ _ _ _ _ _ _ _ _ _ _ _ _ _ _ _ _ _ _ _ _ _ 

self = PosixPath('/tmp/pytest-of-stev/pytest-345/test_real_closed_measure_crash0/run/transport/actual-tests/jobs')

    def iterdir(self):
        """Yield path objects of the directory contents.
    
        The children are yielded in arbitrary order, and the
        special entries '.' and '..' are not included.
        """
        root_dir = str(self)
>       with os.scandir(root_dir) as scandir_it:
             ^^^^^^^^^^^^^^^^^^^^
E       FileNotFoundError: [Errno 2] No such file or directory: '/tmp/pytest-of-stev/pytest-345/test_real_closed_measure_crash0/run/transport/actual-tests/jobs'

/home/stev/.local/share/uv/python/cpython-3.13.14-linux-x86_64-gnu/lib/python3.13/pathlib/_local.py:575: FileNotFoundError
=========================== short test summary info ============================
FAILED tests/test_neutral_docker_controls.py::test_real_closed_measure_crash_before_generation_reuses_receipt_not_run
1 failed, 3 passed in 3.03s
