test_abandoned_stage_cleanup_without_modifying_snapshots (__main__.BackupTests.test_abandoned_stage_cleanup_without_modifying_snapshots) ... ok
test_corruption_of_each_regular_snapshot_file (__main__.BackupTests.test_corruption_of_each_regular_snapshot_file) ... ok
test_destination_with_only_empty_directory_is_nonempty (__main__.BackupTests.test_destination_with_only_empty_directory_is_nonempty) ... ok
test_directory_corruption_and_extra_files (__main__.BackupTests.test_directory_corruption_and_extra_files) ... ok
test_empty_repo_and_sorted_ids (__main__.BackupTests.test_empty_repo_and_sorted_ids) ... ok
test_empty_source_and_empty_preexisting_destination (__main__.BackupTests.test_empty_source_and_empty_preexisting_destination) ... ok
test_failure_then_retry_same_id (__main__.BackupTests.test_failure_then_retry_same_id) ... ok
test_id_limits (__main__.BackupTests.test_id_limits) ... ok
test_id_not_overwritten (__main__.BackupTests.test_id_not_overwritten) ... ok
test_max_bytes_below_existing_and_insufficient_addition_rollback (__main__.BackupTests.test_max_bytes_below_existing_and_insufficient_addition_rollback) ... ok
test_max_bytes_empty_source_still_needs_metadata (__main__.BackupTests.test_max_bytes_empty_source_still_needs_metadata) ... ok
test_max_bytes_exact_and_one_byte_short_including_metadata (__main__.BackupTests.test_max_bytes_exact_and_one_byte_short_including_metadata) ... ok
test_max_bytes_invalid_arguments_do_not_mutate (__main__.BackupTests.test_max_bytes_invalid_arguments_do_not_mutate) ... ok
test_max_bytes_parallel_writers_share_total_budget (__main__.BackupTests.test_max_bytes_parallel_writers_share_total_budget) ... ok
test_missing_snapshot (__main__.BackupTests.test_missing_snapshot) ... ok
test_missing_source (__main__.BackupTests.test_missing_source) ... ok
test_parallel_create_same_id (__main__.BackupTests.test_parallel_create_same_id) ... ok
test_parallel_repository_bootstrap (__main__.BackupTests.test_parallel_repository_bootstrap) ... ok
test_protected_destination (__main__.BackupTests.test_protected_destination) ... ok
test_regular_file_as_managed_directory (__main__.BackupTests.test_regular_file_as_managed_directory) ... ok
test_restore_repo_overlap (__main__.BackupTests.test_restore_repo_overlap) ... ok
test_sigkill_create_preserves_previous_and_allows_retry (__main__.BackupTests.test_sigkill_create_preserves_previous_and_allows_retry) ... ok
test_socket_rejected_if_environment_permits_bind (__main__.BackupTests.test_socket_rejected_if_environment_permits_bind) ... skipped 'environment forbids AF_UNIX bind: [Errno 1] Operation not permitted'
test_source_repo_overlap (__main__.BackupTests.test_source_repo_overlap) ... ok
test_source_symlinks (__main__.BackupTests.test_source_symlinks) ... ok
test_special_files (__main__.BackupTests.test_special_files) ... ok
test_symlink_in_snapshot_or_staging (__main__.BackupTests.test_symlink_in_snapshot_or_staging) ... ok
test_symlink_path_components_and_dotdot (__main__.BackupTests.test_symlink_path_components_and_dotdot) ... ok
test_unsafe_manifest_rejected_even_with_matching_checksum (__main__.BackupTests.test_unsafe_manifest_rejected_even_with_matching_checksum) ... ok
test_v2_three_exact_versions_without_source (__main__.BackupTests.test_v2_three_exact_versions_without_source) ... ok

----------------------------------------------------------------------
Ran 30 tests in 7.314s

OK (skipped=1)
