experiments/development/parent_analysis_2026-10-01/checks/integration01/1.stdout:12: trailing whitespace.
+experiments/development/parent_analysis_2026-10-01/integration_checks.py:264: 
experiments/development/parent_analysis_2026-10-01/checks/integration01/1.stdout:13: trailing whitespace.
+_ _ _ _ _ _ _ _ _ _ _ _ _ _ _ _ _ _ _ _ _ _ _ _ _ _ _ _ _ _ _ _ _ _ _ _ _ _ _ _ 
experiments/development/parent_analysis_2026-10-01/checks/integration01/1.stdout:16: trailing whitespace.
+_ _ _ _ _ _ _ _ _ _ _ _ _ _ _ _ _ _ _ _ _ _ _ _ _ _ _ _ _ _ _ _ _ _ _ _ _ _ _ _ 
experiments/development/parent_analysis_2026-10-01/checks/integration01/1.stdout:29: trailing whitespace.
+E         
experiments/development/parent_analysis_2026-10-01/checks/integration01/1.stdout:43: trailing whitespace.
+experiments/development/parent_analysis_2026-10-01/integration_checks.py:264: 
experiments/development/parent_analysis_2026-10-01/checks/integration01/1.stdout:44: trailing whitespace.
+_ _ _ _ _ _ _ _ _ _ _ _ _ _ _ _ _ _ _ _ _ _ _ _ _ _ _ _ _ _ _ _ _ _ _ _ _ _ _ _ 
experiments/development/parent_analysis_2026-10-01/checks/integration01/1.stdout:47: trailing whitespace.
+_ _ _ _ _ _ _ _ _ _ _ _ _ _ _ _ _ _ _ _ _ _ _ _ _ _ _ _ _ _ _ _ _ _ _ _ _ _ _ _ 
experiments/development/parent_analysis_2026-10-01/checks/integration01/1.stdout:60: trailing whitespace.
+E         
experiments/development/parent_analysis_2026-10-01/checks/integration01/1.stdout:72: trailing whitespace.
+experiments/development/parent_analysis_2026-10-01/integration_checks.py:268: 
experiments/development/parent_analysis_2026-10-01/checks/integration01/1.stdout:73: trailing whitespace.
+_ _ _ _ _ _ _ _ _ _ _ _ _ _ _ _ _ _ _ _ _ _ _ _ _ _ _ _ _ _ _ _ _ _ _ _ _ _ _ _ 
experiments/development/parent_analysis_2026-10-01/checks/integration01/1.stdout:76: trailing whitespace.
+_ _ _ _ _ _ _ _ _ _ _ _ _ _ _ _ _ _ _ _ _ _ _ _ _ _ _ _ _ _ _ _ _ _ _ _ _ _ _ _ 
experiments/development/parent_analysis_2026-10-01/checks/integration01/1.stdout:89: trailing whitespace.
+E         
experiments/development/parent_analysis_2026-10-01/worker_checks/parent_broker-attempt01/test-artifacts/test_phase_or_seed_or_stream_t0/run-stages/metadata/transition.json:2: trailing whitespace.
+ 
experiments/development/parent_analysis_2026-10-01/worker_checks/parent_broker-attempt01/test-artifacts/test_phase_or_seed_or_stream_t0/run-stages/metadata/transition.json:2: new blank line at EOF.
experiments/development/parent_analysis_2026-10-01/worker_checks/parent_broker-attempt01/test-artifacts/test_phase_or_seed_or_stream_t1/run-stages/metadata/activation.json:2: trailing whitespace.
+ 
experiments/development/parent_analysis_2026-10-01/worker_checks/parent_broker-attempt01/test-artifacts/test_phase_or_seed_or_stream_t1/run-stages/metadata/activation.json:2: new blank line at EOF.
experiments/development/parent_analysis_2026-10-01/worker_checks/parent_broker-attempt01/test-artifacts/test_phase_or_seed_or_stream_t2/run-stages/leader/work/method_state.json:121: trailing whitespace.
+ 
experiments/development/parent_analysis_2026-10-01/worker_checks/parent_broker-attempt01/test-artifacts/test_phase_or_seed_or_stream_t2/run-stages/leader/work/method_state.json:121: new blank line at EOF.
experiments/development/parent_analysis_2026-10-01/worker_checks/parent_broker-attempt01/test-artifacts/test_phase_or_seed_or_stream_t3/run/broker/0001/stdout:2: trailing whitespace.
+ 
experiments/development/parent_analysis_2026-10-01/worker_checks/parent_broker-attempt01/test-artifacts/test_phase_or_seed_or_stream_t3/run/broker/0001/stdout:2: new blank line at EOF.
experiments/development/parent_analysis_2026-10-01/worker_checks/parent_broker-attempt02/test-artifacts-311/test_phase_or_seed_or_stream_t0/run-stages/metadata/transition.json:2: trailing whitespace.
+ 
experiments/development/parent_analysis_2026-10-01/worker_checks/parent_broker-attempt02/test-artifacts-311/test_phase_or_seed_or_stream_t0/run-stages/metadata/transition.json:2: new blank line at EOF.
experiments/development/parent_analysis_2026-10-01/worker_checks/parent_broker-attempt02/test-artifacts-311/test_phase_or_seed_or_stream_t1/run-stages/metadata/activation.json:2: trailing whitespace.
+ 
experiments/development/parent_analysis_2026-10-01/worker_checks/parent_broker-attempt02/test-artifacts-311/test_phase_or_seed_or_stream_t1/run-stages/metadata/activation.json:2: new blank line at EOF.
experiments/development/parent_analysis_2026-10-01/worker_checks/parent_broker-attempt02/test-artifacts-311/test_phase_or_seed_or_stream_t2/run-stages/leader/work/method_state.json:121: trailing whitespace.
+ 
experiments/development/parent_analysis_2026-10-01/worker_checks/parent_broker-attempt02/test-artifacts-311/test_phase_or_seed_or_stream_t2/run-stages/leader/work/method_state.json:121: new blank line at EOF.
experiments/development/parent_analysis_2026-10-01/worker_checks/parent_broker-attempt02/test-artifacts-311/test_phase_or_seed_or_stream_t3/run/broker/0001/stdout:2: trailing whitespace.
+ 
experiments/development/parent_analysis_2026-10-01/worker_checks/parent_broker-attempt02/test-artifacts-311/test_phase_or_seed_or_stream_t3/run/broker/0001/stdout:2: new blank line at EOF.
experiments/development/parent_analysis_2026-10-01/worker_checks/parent_broker-attempt02/test-artifacts-312/test_phase_or_seed_or_stream_t0/run-stages/metadata/transition.json:2: trailing whitespace.
+ 
experiments/development/parent_analysis_2026-10-01/worker_checks/parent_broker-attempt02/test-artifacts-312/test_phase_or_seed_or_stream_t0/run-stages/metadata/transition.json:2: new blank line at EOF.
experiments/development/parent_analysis_2026-10-01/worker_checks/parent_broker-attempt02/test-artifacts-312/test_phase_or_seed_or_stream_t1/run-stages/metadata/activation.json:2: trailing whitespace.
+ 
experiments/development/parent_analysis_2026-10-01/worker_checks/parent_broker-attempt02/test-artifacts-312/test_phase_or_seed_or_stream_t1/run-stages/metadata/activation.json:2: new blank line at EOF.
experiments/development/parent_analysis_2026-10-01/worker_checks/parent_broker-attempt02/test-artifacts-312/test_phase_or_seed_or_stream_t2/run-stages/leader/work/method_state.json:121: trailing whitespace.
+ 
experiments/development/parent_analysis_2026-10-01/worker_checks/parent_broker-attempt02/test-artifacts-312/test_phase_or_seed_or_stream_t2/run-stages/leader/work/method_state.json:121: new blank line at EOF.
experiments/development/parent_analysis_2026-10-01/worker_checks/parent_broker-attempt02/test-artifacts-312/test_phase_or_seed_or_stream_t3/run/broker/0001/stdout:2: trailing whitespace.
+ 
experiments/development/parent_analysis_2026-10-01/worker_checks/parent_broker-attempt02/test-artifacts-312/test_phase_or_seed_or_stream_t3/run/broker/0001/stdout:2: new blank line at EOF.
