Retrieving project…
Deploying stevenvo780s-projects/specorganon-presentacion
Uploading [--------------------] (0.0B/37.1KB)
Uploading [======--------------] (12.8KB/37.1KB)
Uploading [============--------] (22.4KB/37.1KB)
Uploading [=================---] (33.1KB/37.1KB)
Uploading [====================] (37.1KB/37.1KB)
  Inspect     https://vercel.com/stevenvo780s-projects/specorganon-presentacion/FkRmtkJr3sz16FXfW9ubQ7mFRw32
▲ Production  https://specorganon-presentacion-p0sb5uifp-stevenvo780s-projects.vercel.app
Building…
Building…
Running build in Washington, D.C., USA (East) – iad1
Build machine configuration: 4 cores, 8 GB
Retrieving list of deployment files...
Downloading 191 deployment files...
Restored build cache from previous deployment (22NJp9MvyN1eCMfMBAJNjSBAnw3M)
Running "vercel build"
Vercel CLI 62.1.0
Running "install" command: `npm ci`...
added 37 packages, and audited 38 packages in 4s
12 packages are looking for funding
run `npm fund` for details
found 0 vulnerabilities
> specorganon-presentacion@1.0.0 build
> tsc -b && vite build
vite v8.3.2 building client environment for production...
transforming...
[2K[1A[2K[G▲ Production  https://specorganon-presentacion-p0sb5uifp-stevenvo780s-projects.vercel.app
Completing…
▲ Aliased     https://specorganon.stevenvallejo.com
