{
  "status": "ok",
  "deployment": {
    "id": "dpl_FkRmtkJr3sz16FXfW9ubQ7mFRw32",
    "url": "https://specorganon-presentacion-p0sb5uifp-stevenvo780s-projects.vercel.app",
    "inspectorUrl": "https://vercel.com/stevenvo780s-projects/specorganon-presentacion/FkRmtkJr3sz16FXfW9ubQ7mFRw32",
    "readyState": "READY",
    "target": "production",
    "deploymentApiUrl": "https://api.vercel.com/v13/deployments/dpl_FkRmtkJr3sz16FXfW9ubQ7mFRw32"
  },
  "message": "Deployment specorganon-presentacion-p0sb5uifp-stevenvo780s-projects.vercel.app ready.",
  "next": [
    {
      "command": "vercel inspect specorganon-presentacion-p0sb5uifp-stevenvo780s-projects.vercel.app --non-interactive",
      "when": "Inspect deployment"
    },
    {
      "command": "vercel deploy --prod --non-interactive",
      "when": "Promote to production"
    }
  ]
}
