.......F.................                                                [100%]
=================================== FAILURES ===================================
_______ test_c_cli_prepare_and_status_use_new_identity_without_model_io ________

tmp_path = PosixPath('/tmp/specorganon-D114-integration_02-luhhje3z/cases/test_c_cli_prepare_and_status_0')

    def test_c_cli_prepare_and_status_use_new_identity_without_model_io(tmp_path):
        state, facts, config = case(tmp_path / "inputs")
        config_path = tmp_path / "config.json"
        config_path.write_text(json.dumps(config))
        run = tmp_path / "run"
        command = [sys.executable, "-I", "-B", str(SCRIPTS / "c_parallel_work.py")]
        commands = [command + ["prepare", "--state", str(state), "--facts", str(facts),
                              "--config", str(config_path), "--run-dir", str(run),
                              "--admission-root", str(tmp_path / "admissions")],
                    command + ["status", "--run-dir", str(run)]]
        for index, args in enumerate(commands, 1):
            completed = subprocess.run(args, capture_output=True, timeout=30, check=False)
            (tmp_path / f"cli-{index}.stdout").write_bytes(completed.stdout)
            (tmp_path / f"cli-{index}.stderr").write_bytes(completed.stderr)
            assert completed.returncode == 0, completed.stdout
            result = json.loads(completed.stdout)
            assert result["state"] == "prepared"
            assert result["budget"]["request_count"] == 0
            assert result["formal_cell_executed"] is False
        prepared = result
        barrier, trace = threading.Barrier(2), []
    
        class Handler(BaseHTTPRequestHandler):
            def log_message(self, *args):
                pass
    
            def do_POST(self):
                payload = json.loads(self.rfile.read(int(self.headers["Content-Length"])))
                content = json.loads(payload["input"][0]["content"])
                task = content.get("task_id", "reviewer")
                if self.path.endswith("/input_tokens"):
                    value = {"input_tokens": 10}
                else:
                    if task != "reviewer":
                        barrier.wait(timeout=5)
                    value = response(task)
                trace.append({"path": self.path, "request": payload})
                raw = json.dumps(value).encode()
                self.send_response(200)
                self.send_header("Content-Length", str(len(raw)))
                self.end_headers()
                self.wfile.write(raw)
    
        server = ThreadingHTTPServer(("127.0.0.1", 0), Handler)
        server.daemon_threads = True
        threading.Thread(target=server.serve_forever, daemon=True).start()
        try:
            completed = subprocess.run(command + ["execute", "--run-dir", str(run),
                                       "--expected-checkpoint", prepared["checkpoint_sha256"],
                                       "--local-http-fixture", f"http://127.0.0.1:{server.server_port}/v1"],
                                       capture_output=True, timeout=30, check=False)
        finally:
            server.shutdown()
            server.server_close()
        (tmp_path / "cli-3.stdout").write_bytes(completed.stdout)
        (tmp_path / "cli-3.stderr").write_bytes(completed.stderr)
        (tmp_path / "cli-http-trace.json").write_text(json.dumps(trace, indent=2) + "\n")
>       assert completed.returncode == 0, completed.stdout
E       AssertionError: b'{"active_seconds": 0.0, "artifact_count": 0, "artifacts": [], "budget": {"blocked": false, "committed_cost_micro_usd..., "run_id": "wave-D-F-synthetic", "state": "indeterminate", "stored_state": "indeterminate", "tools_enabled": false}
E         '
E       assert 2 == 0
E        +  where 2 = CompletedProcess(args=['/tmp/specorganon-D107-deps-re8v1j45/venv-311/bin/python', '-I', '-B', '/workspace/SpecOrganon/...wave-D-F-synthetic", "state": "indeterminate", "stored_state": "indeterminate", "tools_enabled": false}\n', stderr=b'').returncode

tests/test_c_parallel_work.py:251: AssertionError
----------------------------- Captured stdout call -----------------------------
{"action": "init", "case_id": "D-F-synthetic", "ok": true}
=========================== short test summary info ============================
FAILED tests/test_c_parallel_work.py::test_c_cli_prepare_and_status_use_new_identity_without_model_io
1 failed, 24 passed in 7.48s
