{
  "status": "ok",
  "deployment": {
    "id": "dpl_4Gy4gGDnEMvxHYgFYGPsuaeaTQco",
    "url": "https://specorganon-presentacion-a4wdr1wyx-stevenvo780s-projects.vercel.app",
    "inspectorUrl": "https://vercel.com/stevenvo780s-projects/specorganon-presentacion/4Gy4gGDnEMvxHYgFYGPsuaeaTQco",
    "readyState": "READY",
    "target": "production",
    "deploymentApiUrl": "https://api.vercel.com/v13/deployments/dpl_4Gy4gGDnEMvxHYgFYGPsuaeaTQco"
  },
  "message": "Deployment specorganon-presentacion-a4wdr1wyx-stevenvo780s-projects.vercel.app ready.",
  "next": [
    {
      "command": "vercel inspect specorganon-presentacion-a4wdr1wyx-stevenvo780s-projects.vercel.app --scope stevenvo780s-projects --non-interactive",
      "when": "Inspect deployment"
    },
    {
      "command": "vercel deploy --prod --scope stevenvo780s-projects --non-interactive",
      "when": "Promote to production"
    }
  ]
}
