Retrieving project…
Deploying stevenvo780s-projects/specorganon-presentacion
Uploading [--------------------] (0.0B/33.5KB)
Uploading [=========-----------] (15.3KB/33.5KB)
Uploading [============--------] (20.4KB/33.5KB)
Uploading [=================---] (30.1KB/33.5KB)
Uploading [====================] (33.5KB/33.5KB)
  Inspect     https://vercel.com/stevenvo780s-projects/specorganon-presentacion/6o8UeAqs3tEeMfJinP2r71raG44V
▲ Production  https://specorganon-presentacion-rik4j6zxd-stevenvo780s-projects.vercel.app
Building…
Building…
Running build in Washington, D.C., USA (East) – iad1
Build machine configuration: 4 cores, 8 GB
Retrieving list of deployment files...
Downloading 192 deployment files...
Restored build cache from previous deployment (FkRmtkJr3sz16FXfW9ubQ7mFRw32)
Running "vercel build"
Vercel CLI 62.1.0
Running "install" command: `npm ci`...
added 37 packages, and audited 38 packages in 5s
12 packages are looking for funding
run `npm fund` for details
found 0 vulnerabilities
> specorganon-presentacion@1.0.0 build
> tsc -b && vite build
[2K[1A[2K[G▲ Production  https://specorganon-presentacion-rik4j6zxd-stevenvo780s-projects.vercel.app
Completing…
▲ Aliased     https://specorganon.stevenvallejo.com
