{
  "schema": 1,
  "scope": "three real uncredentialed Docker controls with injected CLI response loss; no model calls or phase acceptance",
  "deadline_was_injected_after_actual_create": true,
  "natural_15_second_timeout_reproduced": false,
  "source_sha256": {
    "src/specorganon/docker_roles.py": "9bdeac2a4673f70c639b5d16ac2fc6ae0d3d003848468719b98c2939c947b9de",
    "src/specorganon/role_jobs.py": "fe6ef4ec117fe135972481d0bcef9964cd9b1d94c13bca3c2e43965140806ed3",
    "src/specorganon/__init__.py": "6537b95363eb00a078c659508fde85ce2eb8b648d47eabc3c32b43ef7d19dfe4",
    "pyproject.toml": "a0b3fc0bbeb8115b6c0b660987e7ba63ce87256df03e9c647f92217cfc394826",
    "uv.lock": "c850c1d2f73bff54d75b04b67cd396e3267361146b8ac079a473e7f2459b4252"
  },
  "probe_sha256": "6e618d6b0a9c4daf1d975588197e0eeafa121275506f1a7c124975c43c2b0395",
  "rows": [
    {
      "mode": "created",
      "actual_container_id": "093fcc3e4a1d016485adcdc62deb95e65d6ca46a381d0d3d4bb0a78a6eb5fc0f",
      "image_id": "sha256:6d196a4a021b872e2ea7d799e1797834e23b570e635bd640095f4521cca04ce2",
      "create_calls": 1,
      "actual_counter": 1,
      "closed_host_receipt": true,
      "uncertain_execution_refused": false,
      "wall_seconds": 0.42833999599679373,
      "records_sha256": {
        ".transport.lock": "e3b0c44298fc1c149afbf4c8996fb92427ae41e4649b934ca495991b7852b855",
        "host-journal/.complete-probe.json": "06e882dac30592c504d5081680ab45a18589008426d9534462f7623910405c81",
        "host-journal/.jobs.lock": "e3b0c44298fc1c149afbf4c8996fb92427ae41e4649b934ca495991b7852b855",
        "host-journal/policy.json": "bb8901778f7ca8b32e9890e9027e065837ad347aef239b078371671d5e58343e",
        "host-journal/probe/receipt.json": "27ab98bb1b5c07305d9c7ea7c1d208d08dbcbdf4d331b24553fc594a8a27506f",
        "host-journal/probe/request.json": "64de361c78b0881bc7060330f9911f0f2aeba043f5cf412c3dc9d4440c4aa7e4",
        "host-journal/probe/started.json": "4be1bfe653b14a896d401a2a54477c287d4d2fa3b3137f6e1a386912603749b5",
        "host-journal/probe/stderr.bin": "e3b0c44298fc1c149afbf4c8996fb92427ae41e4649b934ca495991b7852b855",
        "host-journal/probe/stdout.bin": "4b2bc4190aae3198d619d2cb06ef13f8ec261d83618ab5cc2f9789392350e554",
        "jobs/probe/control-recovery.json": "f17c4a277b86e214b84175c7a1af7db054198720e4ee0e122690152cb4460f42",
        "jobs/probe/create-attempt.json": "b07936febcbfec14af7de8960765853ee9f2192e2bb114706addef370535c17b",
        "jobs/probe/input/delivery/probe.py": "a62faee36c0292c7858cdedb7a81a3253b2ed544c2622aac09bc345b58a7883b",
        "jobs/probe/input/request.json": "ac74fd101dcaa6141eaf8ea870f38bacd05f9fdd4df5d4b2f151f54fb6f881ee",
        "jobs/probe/launch.json": "20500ef50393911d56075d4a9d1100adf1c3840bc4a0966e315c0a71975573cd",
        "jobs/probe/measured-test.json": "ca254c81e8da1147343dec45c9de66e8ee20ff328d4420feab8c8103f43ece30",
        "jobs/probe/output/count.txt": "6b86b273ff34fce19d6b804eff5a3f5747ada4eaa22f1d49c01e52ddb7875b4b",
        "jobs/probe/terminal-container.json": "d48fcff80c4474588118257a343817acd1399f5b6840f27ac9c26c258b16327f",
        "transport-policy.json": "2ad18eb44262a06e8277ea6228fea06edd2cfeffce157d0dd8571da04692c6fe"
      }
    },
    {
      "mode": "already-executed",
      "actual_container_id": "4b8f6b3497f2f3dd5825d806da7f88154c73561f5ded6303d184edc3cbc5e6f5",
      "image_id": "sha256:6d196a4a021b872e2ea7d799e1797834e23b570e635bd640095f4521cca04ce2",
      "create_calls": 1,
      "actual_counter": 1,
      "closed_host_receipt": false,
      "uncertain_execution_refused": true,
      "wall_seconds": 0.22294870699988678,
      "records_sha256": {
        ".transport.lock": "e3b0c44298fc1c149afbf4c8996fb92427ae41e4649b934ca495991b7852b855",
        "host-journal/.jobs.lock": "e3b0c44298fc1c149afbf4c8996fb92427ae41e4649b934ca495991b7852b855",
        "host-journal/policy.json": "843baef07c38f1b43588cfb53edf5d18fe66d904d7659343cd4a0a602d50e55f",
        "jobs/probe/create-attempt.json": "d641e25989e4f62d10b8f2500aa081ffc5458cb1829c0fd96438c9cfcffe41a8",
        "jobs/probe/input/delivery/probe.py": "a62faee36c0292c7858cdedb7a81a3253b2ed544c2622aac09bc345b58a7883b",
        "jobs/probe/input/request.json": "ac74fd101dcaa6141eaf8ea870f38bacd05f9fdd4df5d4b2f151f54fb6f881ee",
        "jobs/probe/launch.json": "048db86cda97d4b1c8770e4da840099d4cd99e6ae71ae29dea102cf10ae2139a",
        "jobs/probe/output/count.txt": "6b86b273ff34fce19d6b804eff5a3f5747ada4eaa22f1d49c01e52ddb7875b4b",
        "transport-policy.json": "2ad18eb44262a06e8277ea6228fea06edd2cfeffce157d0dd8571da04692c6fe"
      }
    },
    {
      "mode": "crash-before-handle",
      "actual_container_id": "afc5c35e9990ee5866dfb756403fff601793ba5116715710ae964d88c0c0e433",
      "image_id": "sha256:6d196a4a021b872e2ea7d799e1797834e23b570e635bd640095f4521cca04ce2",
      "create_calls": 1,
      "actual_counter": 1,
      "closed_host_receipt": true,
      "uncertain_execution_refused": false,
      "wall_seconds": 0.44863793000695296,
      "records_sha256": {
        ".transport.lock": "e3b0c44298fc1c149afbf4c8996fb92427ae41e4649b934ca495991b7852b855",
        "host-journal/.complete-probe.json": "0639b576584a2ecedb7ecf0b099dc805710b710a31be796ced5319a113054d70",
        "host-journal/.jobs.lock": "e3b0c44298fc1c149afbf4c8996fb92427ae41e4649b934ca495991b7852b855",
        "host-journal/policy.json": "285388abe5e18472398938f183a4169684c09a6ec0147391e9e071394cc18136",
        "host-journal/probe/receipt.json": "758b908df955ac92c4c018ff953deaf7f29107499533a04a2fec7f2e2172145d",
        "host-journal/probe/request.json": "f71a7b0046a810e735d72a941a2825623b0d0fe02f5728a50767a7c7aee57227",
        "host-journal/probe/started.json": "a8e3034d164d0a46c9860f10e68d08357aa985991df1b1703e67d6569691cfde",
        "host-journal/probe/stderr.bin": "e3b0c44298fc1c149afbf4c8996fb92427ae41e4649b934ca495991b7852b855",
        "host-journal/probe/stdout.bin": "4b2bc4190aae3198d619d2cb06ef13f8ec261d83618ab5cc2f9789392350e554",
        "jobs/probe/control-recovery.json": "1ac5d2b86ba64399b272e491a68b7ef86e67242bbf2e25d963a66422b98b7078",
        "jobs/probe/create-attempt.json": "39bca85b2cdd7e1a2016a1b96597c05bdb28111c2c9fe83b76c37362af8f593f",
        "jobs/probe/input/delivery/probe.py": "a62faee36c0292c7858cdedb7a81a3253b2ed544c2622aac09bc345b58a7883b",
        "jobs/probe/input/request.json": "ac74fd101dcaa6141eaf8ea870f38bacd05f9fdd4df5d4b2f151f54fb6f881ee",
        "jobs/probe/launch.json": "4cb8a1d5b3bda99bba69848518f674291d1b94e4bb6a582eae6a19e6ae19ba4a",
        "jobs/probe/measured-test.json": "2d9929906e4ccb8854a97ad3b0b63b5578f599b925a590c430ab7933c0158c77",
        "jobs/probe/output/count.txt": "6b86b273ff34fce19d6b804eff5a3f5747ada4eaa22f1d49c01e52ddb7875b4b",
        "jobs/probe/terminal-container.json": "d6bae1da1975fbbb46ba0a4c645fe55f5c32d9b9380d237e91cfe2cde65b09a0",
        "transport-policy.json": "2ad18eb44262a06e8277ea6228fea06edd2cfeffce157d0dd8571da04692c6fe"
      }
    }
  ]
}
