{
  "schema": 1,
  "scope": "three real uncredentialed Docker controls with injected CLI response loss; no model calls or phase acceptance",
  "deadline_was_injected_after_actual_create": true,
  "natural_15_second_timeout_reproduced": false,
  "source_sha256": {
    "src/specorganon/docker_roles.py": "8063d8eb0e1c08891fb22934d576bdc3fa646ed3dfbc41899377b866ab25987a",
    "src/specorganon/role_jobs.py": "fe6ef4ec117fe135972481d0bcef9964cd9b1d94c13bca3c2e43965140806ed3",
    "src/specorganon/__init__.py": "6537b95363eb00a078c659508fde85ce2eb8b648d47eabc3c32b43ef7d19dfe4",
    "pyproject.toml": "a0b3fc0bbeb8115b6c0b660987e7ba63ce87256df03e9c647f92217cfc394826",
    "uv.lock": "c850c1d2f73bff54d75b04b67cd396e3267361146b8ac079a473e7f2459b4252"
  },
  "probe_sha256": "5b17dca13edc613cc45f12b0a1aef5d476f435299411f7ecffabdee995dd2c37",
  "rows": [
    {
      "mode": "created",
      "actual_container_id": "c85a5b4fe08a83bb3015cd255324c4508556d637c5cf2fafb36f117357f27d0b",
      "image_id": "sha256:6d196a4a021b872e2ea7d799e1797834e23b570e635bd640095f4521cca04ce2",
      "create_calls": 1,
      "actual_counter": 1,
      "closed_host_receipt": true,
      "uncertain_execution_refused": false,
      "wall_seconds": 0.3205219619849231,
      "records_sha256": {
        ".transport.lock": "e3b0c44298fc1c149afbf4c8996fb92427ae41e4649b934ca495991b7852b855",
        "host-journal/.complete-probe.json": "540a403b23a3a94b28fd869a99956ef27ae2311875159071699568aa7b25076b",
        "host-journal/.jobs.lock": "e3b0c44298fc1c149afbf4c8996fb92427ae41e4649b934ca495991b7852b855",
        "host-journal/policy.json": "391892328b0ecb475fd72a12d90c07dee1f4e79865f1d36894bafca088e67c43",
        "host-journal/probe/receipt.json": "0343f184bf7d8f6cdbbebcd2936e176674401ced7f791bfe445ce7af89ba2873",
        "host-journal/probe/request.json": "e178ec54103b511c32a17b3099ad8d973b94ec4cd13994ba1cfaf33de7529350",
        "host-journal/probe/started.json": "6096c4c0d356b1ba08503c614fe4ea5830fdf3499735479585ab966c8f3d4b02",
        "host-journal/probe/stderr.bin": "e3b0c44298fc1c149afbf4c8996fb92427ae41e4649b934ca495991b7852b855",
        "host-journal/probe/stdout.bin": "4b2bc4190aae3198d619d2cb06ef13f8ec261d83618ab5cc2f9789392350e554",
        "jobs/probe/control-recovery.json": "a37c1ac95c1c05ea68e67f002f41693997688f19bd1c5a2060d66e588a1a6ff1",
        "jobs/probe/create-attempt.json": "61647dba4420acdbffb776ed22febb16117fc743d579aad2907da8487e426429",
        "jobs/probe/input/delivery/probe.py": "a62faee36c0292c7858cdedb7a81a3253b2ed544c2622aac09bc345b58a7883b",
        "jobs/probe/input/request.json": "ac74fd101dcaa6141eaf8ea870f38bacd05f9fdd4df5d4b2f151f54fb6f881ee",
        "jobs/probe/launch.json": "faeec9fd5ddc724843c4b137cecd0caf00e7b1cb6049aced6a99b35178401e88",
        "jobs/probe/measured-test.json": "b9859cdbc4b358e104524b06ce95b7b2138f726d26d0a8c7377fefd9bff91b29",
        "jobs/probe/output/count.txt": "6b86b273ff34fce19d6b804eff5a3f5747ada4eaa22f1d49c01e52ddb7875b4b",
        "jobs/probe/terminal-container.json": "96fabb96672d763b9d9ee005ac8286e20c7b427e9e7119032fa95b30f4bbcb9c",
        "transport-policy.json": "4b9495f1126ee7f0cca0068a16b8a1a7d0399fb6a7ed1700e9765a52ffc3e4ca"
      }
    },
    {
      "mode": "already-executed",
      "actual_container_id": "4267d17c18cad6c58bbdf3e12b1ccac08e16a6f4d1b96302d12cea1e2700d934",
      "image_id": "sha256:6d196a4a021b872e2ea7d799e1797834e23b570e635bd640095f4521cca04ce2",
      "create_calls": 1,
      "actual_counter": 1,
      "closed_host_receipt": false,
      "uncertain_execution_refused": true,
      "wall_seconds": 0.23130828799912706,
      "records_sha256": {
        ".transport.lock": "e3b0c44298fc1c149afbf4c8996fb92427ae41e4649b934ca495991b7852b855",
        "host-journal/.jobs.lock": "e3b0c44298fc1c149afbf4c8996fb92427ae41e4649b934ca495991b7852b855",
        "host-journal/policy.json": "af0f0523e300b8292a44cf4fb5e57564f44eda7eec5c0bc8d70fb761c36ab99a",
        "jobs/probe/create-attempt.json": "d9b026a2c6b361af8335e3930ac486508feff852443afc7d0ada978d654a393a",
        "jobs/probe/input/delivery/probe.py": "a62faee36c0292c7858cdedb7a81a3253b2ed544c2622aac09bc345b58a7883b",
        "jobs/probe/input/request.json": "ac74fd101dcaa6141eaf8ea870f38bacd05f9fdd4df5d4b2f151f54fb6f881ee",
        "jobs/probe/launch.json": "066035f9fd080ddcaac0977430d8c7f2a79cfd4850e6a0eaf686bad8c3a5df7f",
        "jobs/probe/output/count.txt": "6b86b273ff34fce19d6b804eff5a3f5747ada4eaa22f1d49c01e52ddb7875b4b",
        "transport-policy.json": "4b9495f1126ee7f0cca0068a16b8a1a7d0399fb6a7ed1700e9765a52ffc3e4ca"
      }
    },
    {
      "mode": "crash-before-handle",
      "actual_container_id": "11555835a866d5137fc0b03c7cb76eac50cf047d80d52442748777083d34ed80",
      "image_id": "sha256:6d196a4a021b872e2ea7d799e1797834e23b570e635bd640095f4521cca04ce2",
      "create_calls": 1,
      "actual_counter": 1,
      "closed_host_receipt": true,
      "uncertain_execution_refused": false,
      "wall_seconds": 0.9504098689940292,
      "records_sha256": {
        ".transport.lock": "e3b0c44298fc1c149afbf4c8996fb92427ae41e4649b934ca495991b7852b855",
        "host-journal/.complete-probe.json": "1f39c00884646b7e0db306d84249fde45d4cf5d9a5dc71ada9ef102435549d28",
        "host-journal/.jobs.lock": "e3b0c44298fc1c149afbf4c8996fb92427ae41e4649b934ca495991b7852b855",
        "host-journal/policy.json": "d2095a14c8440349ea203a1c97c7a05d6a143b1dcf27ef778dea6630654c58c3",
        "host-journal/probe/receipt.json": "6f7de2bf806cb30d449330dd15b115a090ed5823e86e083c96a11ac5c7e0912c",
        "host-journal/probe/request.json": "366fc702daf241ea0828954d93250b7f0771dfa00fb8aab09705ce9fb2f33036",
        "host-journal/probe/started.json": "29d31e97af119b8464732971ee7d7b5ff14aac6e2212ea1b7111786aa86b937a",
        "host-journal/probe/stderr.bin": "e3b0c44298fc1c149afbf4c8996fb92427ae41e4649b934ca495991b7852b855",
        "host-journal/probe/stdout.bin": "4b2bc4190aae3198d619d2cb06ef13f8ec261d83618ab5cc2f9789392350e554",
        "jobs/probe/control-recovery.json": "32443b98ec3c1450810e18532b2be9d3a760bcedfd1b3728d3b954b2f8aad66f",
        "jobs/probe/create-attempt.json": "77fceaf6e606c2716fedd85f0e7bf828fe1424bc6a347ac007f5f1ba59f7d8c5",
        "jobs/probe/input/delivery/probe.py": "a62faee36c0292c7858cdedb7a81a3253b2ed544c2622aac09bc345b58a7883b",
        "jobs/probe/input/request.json": "ac74fd101dcaa6141eaf8ea870f38bacd05f9fdd4df5d4b2f151f54fb6f881ee",
        "jobs/probe/launch.json": "c171e50e1015d2eff699f4112fe095f12b08ece8e649da842ed61f55b7de968c",
        "jobs/probe/measured-test.json": "58f151f7252b5e4b06ec43e73b1b08e32aeeb0862d6f17b95ad2ecd99444d1a2",
        "jobs/probe/output/count.txt": "6b86b273ff34fce19d6b804eff5a3f5747ada4eaa22f1d49c01e52ddb7875b4b",
        "jobs/probe/terminal-container.json": "18c2cd436b8c20775b0db1ab592519d687a80d9fe11b1ce9e55893e1e93726b3",
        "transport-policy.json": "4b9495f1126ee7f0cca0068a16b8a1a7d0399fb6a7ed1700e9765a52ffc3e4ca"
      }
    }
  ]
}
