#0 building with "default" instance using docker driver

#1 [internal] load build definition from Dockerfile
#1 transferring dockerfile: 562B done
#1 DONE 0.0s

#2 [internal] load metadata for docker.io/library/specorganon:method-superiority-dev4
#2 DONE 0.0s

#3 [internal] load .dockerignore
#3 transferring context: 195B done
#3 DONE 0.0s

#4 [1/4] FROM docker.io/library/specorganon:method-superiority-dev4@sha256:6d196a4a021b872e2ea7d799e1797834e23b570e635bd640095f4521cca04ce2
#4 resolve docker.io/library/specorganon:method-superiority-dev4@sha256:6d196a4a021b872e2ea7d799e1797834e23b570e635bd640095f4521cca04ce2 0.0s done
#4 CACHED

#5 [internal] load build context
#5 transferring context: 181.38kB done
#5 DONE 0.0s

#6 [2/4] COPY releases/method-superiority/dev5/specorganon-0.2.0rc3.dev5-py3-none-any.whl /opt/candidate/
#6 DONE 0.1s

#7 [3/4] RUN uv pip install --offline --python /opt/specorganon/venv/bin/python --no-deps --reinstall-package specorganon /opt/candidate/specorganon-0.2.0rc3.dev5-py3-none-any.whl     && uv pip check --python /opt/specorganon/venv/bin/python
#7 0.240 Using Python 3.12.3 environment at: /opt/specorganon/venv
#7 0.262 Resolved 1 package in 12ms
#7 0.268 Prepared 1 package in 5ms
#7 0.270 Uninstalled 1 package in 2ms
#7 0.276 Installed 1 package in 5ms
#7 0.276  - specorganon==0.2.0rc3.dev4 (from file:///opt/candidate/specorganon-0.2.0rc3.dev4-py3-none-any.whl)
#7 0.276  + specorganon==0.2.0rc3.dev5 (from file:///opt/candidate/specorganon-0.2.0rc3.dev5-py3-none-any.whl)
#7 0.285 Using Python 3.12.3 environment at: /opt/specorganon/venv
#7 0.285 Checked 34 packages in 0.68ms
#7 0.295 All installed packages are compatible
#7 DONE 0.3s

#8 [4/4] WORKDIR /runs
#8 DONE 0.0s

#9 exporting to image
#9 exporting layers
#9 exporting layers 0.1s done
#9 exporting manifest sha256:4d8289499917070d9f6db3bd771efabf33c35c7204b94cdd8a7ebe770630b091 done
#9 exporting config sha256:91824d6c5a8634218aaaa84a4c49d1d3b2919c6ada66c6891bbf333c981fd4f1 0.0s done
#9 exporting attestation manifest sha256:713cd4cc1a4ab7b30175c3888f2ed6b23ea42a2b29b1c44db8530115b6c70274 done
#9 exporting manifest list sha256:5637d94739ab65a1bbc79a93a7e08cd721ee4f7d0de6f7d94456991343dfc236 done
#9 naming to docker.io/library/specorganon:method-superiority-dev5 done
#9 unpacking to docker.io/library/specorganon:method-superiority-dev5 0.1s done
#9 DONE 0.2s
