#0 building with "default" instance using docker driver

#1 [internal] load build definition from Dockerfile
#1 transferring dockerfile: 562B done
#1 DONE 0.0s

#2 [internal] load metadata for docker.io/library/specorganon:method-superiority-dev4
#2 DONE 0.0s

#3 [internal] load .dockerignore
#3 transferring context: 195B done
#3 DONE 0.0s

#4 [internal] load build context
#4 transferring context: 181.53kB done
#4 DONE 0.0s

#5 [1/4] FROM docker.io/library/specorganon:method-superiority-dev4@sha256:6d196a4a021b872e2ea7d799e1797834e23b570e635bd640095f4521cca04ce2
#5 resolve docker.io/library/specorganon:method-superiority-dev4@sha256:6d196a4a021b872e2ea7d799e1797834e23b570e635bd640095f4521cca04ce2 0.0s done
#5 CACHED

#6 [2/4] COPY releases/method-superiority/dev5/specorganon-0.2.0rc3.dev5-py3-none-any.whl /opt/candidate/
#6 DONE 0.0s

#7 [3/4] RUN uv pip install --offline --python /opt/specorganon/venv/bin/python --no-deps --reinstall-package specorganon /opt/candidate/specorganon-0.2.0rc3.dev5-py3-none-any.whl     && uv pip check --python /opt/specorganon/venv/bin/python
#7 0.214 Using Python 3.12.3 environment at: /opt/specorganon/venv
#7 0.217 Resolved 1 package in 1ms
#7 0.225 Prepared 1 package in 7ms
#7 0.227 Uninstalled 1 package in 1ms
#7 0.239 Installed 1 package in 12ms
#7 0.239  - specorganon==0.2.0rc3.dev4 (from file:///opt/candidate/specorganon-0.2.0rc3.dev4-py3-none-any.whl)
#7 0.239  + specorganon==0.2.0rc3.dev5 (from file:///opt/candidate/specorganon-0.2.0rc3.dev5-py3-none-any.whl)
#7 0.251 Using Python 3.12.3 environment at: /opt/specorganon/venv
#7 0.252 Checked 34 packages in 0.81ms
#7 0.254 All installed packages are compatible
#7 DONE 0.3s

#8 [4/4] WORKDIR /runs
#8 DONE 0.1s

#9 exporting to image
#9 exporting layers 0.1s done
#9 exporting manifest sha256:55cac5a7487eb946e7305ac766331449981f34f37b906102ae47a392d7eccb8f done
#9 exporting config sha256:18a9b81ff4b2650c80243675bdef493a8440b9ed316ade63b52d664a244ee1d2 0.0s done
#9 exporting attestation manifest sha256:7e31893e6415e601d00294d6a17d0fdde6c672b125b4fbf21ccc30b576bac82c 0.0s done
#9 exporting manifest list sha256:54ad06432e14a88ed6181c8c18bdbf1979287e1f96381f258b6bff89508d7057 done
#9 naming to docker.io/library/specorganon:method-superiority-dev5 done
#9 unpacking to docker.io/library/specorganon:method-superiority-dev5 0.1s done
#9 DONE 0.3s
