Python: 3.12.15 (main, Oct  1 2026, 21:50:06) [GCC 12.2.0]
Comando: /usr/local/bin/python3 /trial/solution/test_backup.py

$ /usr/local/bin/python3 /trial/solution/backup.py create --repo /trial/solution/.tests-xbddx5b0/repo --source /trial/solution/.tests-xbddx5b0/source --id v1
exit=1
stdout=''
stderr='{"error": "Archivo especial rechazado: /trial/solution/.tests-xbddx5b0/source/fifo"}\n'

$ /usr/local/bin/python3 /trial/solution/backup.py create --repo /trial/solution/.tests-xbddx5b0/repo --source /trial/solution/.tests-xbddx5b0/source --id v1
exit=0
stdout='{"id": "v1"}\n'
stderr=''

$ /usr/local/bin/python3 /trial/solution/backup.py verify --repo /trial/solution/.tests-xbddx5b0/repo --id v1
exit=1
stdout=''
stderr='{"error": "Archivo especial rechazado: /trial/solution/.tests-xbddx5b0/repo/fifo"}\n'

$ /usr/local/bin/python3 /trial/solution/backup.py list --repo /trial/solution/.tests-xbddx5b0/repo
exit=1
stdout=''
stderr='{"error": "Archivo especial rechazado: /trial/solution/.tests-xbddx5b0/repo/fifo"}\n'

$ /usr/local/bin/python3 /trial/solution/backup.py restore --repo /trial/solution/.tests-xbddx5b0/repo --id v1 --dest /trial/solution/.tests-xbddx5b0/d
exit=1
stdout=''
stderr='{"error": "Archivo especial rechazado: /trial/solution/.tests-xbddx5b0/repo/fifo"}\n'

$ /usr/local/bin/python3 /trial/solution/backup.py verify --repo /trial/solution/.tests-xbddx5b0/repo --id v1
exit=1
stdout=''
stderr='{"error": "Archivo especial rechazado: /trial/solution/.tests-xbddx5b0/repo/snapshots/v1/data/fifo"}\n'

$ /usr/local/bin/python3 /trial/solution/backup.py list --repo /trial/solution/.tests-xbddx5b0/repo
exit=1
stdout=''
stderr='{"error": "Archivo especial rechazado: /trial/solution/.tests-xbddx5b0/repo/snapshots/v1/data/fifo"}\n'

$ /usr/local/bin/python3 /trial/solution/backup.py restore --repo /trial/solution/.tests-xbddx5b0/repo --id v1 --dest /trial/solution/.tests-xbddx5b0/d
exit=1
stdout=''
stderr='{"error": "Archivo especial rechazado: /trial/solution/.tests-xbddx5b0/repo/snapshots/v1/data/fifo"}\n'

$ /usr/local/bin/python3 /trial/solution/backup.py verify --repo /trial/solution/.tests-xbddx5b0/repo --id v1
exit=1
stdout=''
stderr='{"error": "Archivo especial rechazado: /trial/solution/.tests-xbddx5b0/repo/.staging/fifo"}\n'

$ /usr/local/bin/python3 /trial/solution/backup.py list --repo /trial/solution/.tests-xbddx5b0/repo
exit=1
stdout=''
stderr='{"error": "Archivo especial rechazado: /trial/solution/.tests-xbddx5b0/repo/.staging/fifo"}\n'

$ /usr/local/bin/python3 /trial/solution/backup.py restore --repo /trial/solution/.tests-xbddx5b0/repo --id v1 --dest /trial/solution/.tests-xbddx5b0/d
exit=1
stdout=''
stderr='{"error": "Archivo especial rechazado: /trial/solution/.tests-xbddx5b0/repo/.staging/fifo"}\n'

$ /usr/local/bin/python3 /trial/solution/backup.py restore --repo /trial/solution/.tests-xbddx5b0/repo --id v1 --dest /trial/solution/.tests-xbddx5b0/dest
exit=1
stdout=''
stderr='{"error": "Archivo especial rechazado: /trial/solution/.tests-xbddx5b0/dest/fifo"}\n'

$ /usr/local/bin/python3 /trial/solution/backup.py create --source /trial/solution/.tests-yhu0ax2r/source --repo /trial/solution/.tests-yhu0ax2r/repo --id unico
exit=0
stdout='{"id": "unico"}\n'
stderr=''

$ /usr/local/bin/python3 /trial/solution/backup.py create --source /trial/solution/.tests-yhu0ax2r/source --repo /trial/solution/.tests-yhu0ax2r/repo --id unico
exit=1
stdout=''
stderr='{"error": "El ID ya existe: unico"}\n'

$ /usr/local/bin/python3 /trial/solution/backup.py verify --repo /trial/solution/.tests-yhu0ax2r/repo --id unico
exit=0
stdout='{"id": "unico", "valid": true}\n'
stderr=''

$ /usr/local/bin/python3 /trial/solution/backup.py list --repo /trial/solution/.tests-yhu0ax2r/repo
exit=0
stdout='{"snapshots": ["unico"]}\n'
stderr=''

$ /usr/local/bin/python3 /trial/solution/backup.py create --repo /trial/solution/.tests-hsgmsmw4/repo --source /trial/solution/.tests-hsgmsmw4/source --id buena
exit=0
stdout='{"id": "buena"}\n'
stderr=''

$ /usr/local/bin/python3 /trial/solution/backup.py create --repo /trial/solution/.tests-hsgmsmw4/repo --source /trial/solution/.tests-hsgmsmw4/source --id corruptible
exit=0
stdout='{"id": "corruptible"}\n'
stderr=''

$ /usr/local/bin/python3 /trial/solution/backup.py verify --repo /trial/solution/.tests-hsgmsmw4/repo --id corruptible
exit=1
stdout=''
stderr='{"error": "Hash del manifiesto incorrecto: corruptible"}\n'

$ /usr/local/bin/python3 /trial/solution/backup.py verify --repo /trial/solution/.tests-hsgmsmw4/repo --id buena
exit=0
stdout='{"id": "buena", "valid": true}\n'
stderr=''

$ /usr/local/bin/python3 /trial/solution/backup.py restore --repo /trial/solution/.tests-hsgmsmw4/repo --id corruptible --dest /trial/solution/.tests-hsgmsmw4/ausente
exit=1
stdout=''
stderr='{"error": "Hash del manifiesto incorrecto: corruptible"}\n'

$ /usr/local/bin/python3 /trial/solution/backup.py restore --repo /trial/solution/.tests-hsgmsmw4/repo --id corruptible --dest /trial/solution/.tests-hsgmsmw4/vacio
exit=1
stdout=''
stderr='{"error": "Hash del manifiesto incorrecto: corruptible"}\n'

$ /usr/local/bin/python3 /trial/solution/backup.py list --repo /trial/solution/.tests-hsgmsmw4/repo
exit=0
stdout='{"snapshots": ["buena"]}\n'
stderr=''

$ /usr/local/bin/python3 /trial/solution/backup.py verify --repo /trial/solution/.tests-hsgmsmw4/repo --id corruptible
exit=0
stdout='{"id": "corruptible", "valid": true}\n'
stderr=''

$ /usr/local/bin/python3 /trial/solution/backup.py verify --repo /trial/solution/.tests-hsgmsmw4/repo --id corruptible
exit=1
stdout=''
stderr='{"error": "Hash del manifiesto incorrecto: corruptible"}\n'

$ /usr/local/bin/python3 /trial/solution/backup.py verify --repo /trial/solution/.tests-hsgmsmw4/repo --id buena
exit=0
stdout='{"id": "buena", "valid": true}\n'
stderr=''

$ /usr/local/bin/python3 /trial/solution/backup.py restore --repo /trial/solution/.tests-hsgmsmw4/repo --id corruptible --dest /trial/solution/.tests-hsgmsmw4/ausente
exit=1
stdout=''
stderr='{"error": "Hash del manifiesto incorrecto: corruptible"}\n'

$ /usr/local/bin/python3 /trial/solution/backup.py restore --repo /trial/solution/.tests-hsgmsmw4/repo --id corruptible --dest /trial/solution/.tests-hsgmsmw4/vacio
exit=1
stdout=''
stderr='{"error": "Hash del manifiesto incorrecto: corruptible"}\n'

$ /usr/local/bin/python3 /trial/solution/backup.py list --repo /trial/solution/.tests-hsgmsmw4/repo
exit=0
stdout='{"snapshots": ["buena"]}\n'
stderr=''

$ /usr/local/bin/python3 /trial/solution/backup.py verify --repo /trial/solution/.tests-hsgmsmw4/repo --id corruptible
exit=0
stdout='{"id": "corruptible", "valid": true}\n'
stderr=''

$ /usr/local/bin/python3 /trial/solution/backup.py verify --repo /trial/solution/.tests-hsgmsmw4/repo --id corruptible
exit=1
stdout=''
stderr='{"error": "Snapshot incompleto o con entradas inesperadas: corruptible"}\n'

$ /usr/local/bin/python3 /trial/solution/backup.py verify --repo /trial/solution/.tests-hsgmsmw4/repo --id buena
exit=0
stdout='{"id": "buena", "valid": true}\n'
stderr=''

$ /usr/local/bin/python3 /trial/solution/backup.py restore --repo /trial/solution/.tests-hsgmsmw4/repo --id corruptible --dest /trial/solution/.tests-hsgmsmw4/ausente
exit=1
stdout=''
stderr='{"error": "Snapshot incompleto o con entradas inesperadas: corruptible"}\n'

$ /usr/local/bin/python3 /trial/solution/backup.py restore --repo /trial/solution/.tests-hsgmsmw4/repo --id corruptible --dest /trial/solution/.tests-hsgmsmw4/vacio
exit=1
stdout=''
stderr='{"error": "Snapshot incompleto o con entradas inesperadas: corruptible"}\n'

$ /usr/local/bin/python3 /trial/solution/backup.py list --repo /trial/solution/.tests-hsgmsmw4/repo
exit=0
stdout='{"snapshots": ["buena"]}\n'
stderr=''

$ /usr/local/bin/python3 /trial/solution/backup.py verify --repo /trial/solution/.tests-hsgmsmw4/repo --id corruptible
exit=0
stdout='{"id": "corruptible", "valid": true}\n'
stderr=''

$ /usr/local/bin/python3 /trial/solution/backup.py verify --repo /trial/solution/.tests-hsgmsmw4/repo --id corruptible
exit=1
stdout=''
stderr='{"error": "Hash del manifiesto incorrecto: corruptible"}\n'

$ /usr/local/bin/python3 /trial/solution/backup.py verify --repo /trial/solution/.tests-hsgmsmw4/repo --id buena
exit=0
stdout='{"id": "buena", "valid": true}\n'
stderr=''

$ /usr/local/bin/python3 /trial/solution/backup.py restore --repo /trial/solution/.tests-hsgmsmw4/repo --id corruptible --dest /trial/solution/.tests-hsgmsmw4/ausente
exit=1
stdout=''
stderr='{"error": "Hash del manifiesto incorrecto: corruptible"}\n'

$ /usr/local/bin/python3 /trial/solution/backup.py restore --repo /trial/solution/.tests-hsgmsmw4/repo --id corruptible --dest /trial/solution/.tests-hsgmsmw4/vacio
exit=1
stdout=''
stderr='{"error": "Hash del manifiesto incorrecto: corruptible"}\n'

$ /usr/local/bin/python3 /trial/solution/backup.py list --repo /trial/solution/.tests-hsgmsmw4/repo
exit=0
stdout='{"snapshots": ["buena"]}\n'
stderr=''

$ /usr/local/bin/python3 /trial/solution/backup.py verify --repo /trial/solution/.tests-hsgmsmw4/repo --id corruptible
exit=0
stdout='{"id": "corruptible", "valid": true}\n'
stderr=''

$ /usr/local/bin/python3 /trial/solution/backup.py verify --repo /trial/solution/.tests-hsgmsmw4/repo --id corruptible
exit=1
stdout=''
stderr='{"error": "Hash del manifiesto incorrecto: corruptible"}\n'

$ /usr/local/bin/python3 /trial/solution/backup.py verify --repo /trial/solution/.tests-hsgmsmw4/repo --id buena
exit=0
stdout='{"id": "buena", "valid": true}\n'
stderr=''

$ /usr/local/bin/python3 /trial/solution/backup.py restore --repo /trial/solution/.tests-hsgmsmw4/repo --id corruptible --dest /trial/solution/.tests-hsgmsmw4/ausente
exit=1
stdout=''
stderr='{"error": "Hash del manifiesto incorrecto: corruptible"}\n'

$ /usr/local/bin/python3 /trial/solution/backup.py restore --repo /trial/solution/.tests-hsgmsmw4/repo --id corruptible --dest /trial/solution/.tests-hsgmsmw4/vacio
exit=1
stdout=''
stderr='{"error": "Hash del manifiesto incorrecto: corruptible"}\n'

$ /usr/local/bin/python3 /trial/solution/backup.py list --repo /trial/solution/.tests-hsgmsmw4/repo
exit=0
stdout='{"snapshots": ["buena"]}\n'
stderr=''

$ /usr/local/bin/python3 /trial/solution/backup.py verify --repo /trial/solution/.tests-hsgmsmw4/repo --id corruptible
exit=0
stdout='{"id": "corruptible", "valid": true}\n'
stderr=''

$ /usr/local/bin/python3 /trial/solution/backup.py verify --repo /trial/solution/.tests-hsgmsmw4/repo --id corruptible
exit=1
stdout=''
stderr='{"error": "Snapshot incompleto o con entradas inesperadas: corruptible"}\n'

$ /usr/local/bin/python3 /trial/solution/backup.py verify --repo /trial/solution/.tests-hsgmsmw4/repo --id buena
exit=0
stdout='{"id": "buena", "valid": true}\n'
stderr=''

$ /usr/local/bin/python3 /trial/solution/backup.py restore --repo /trial/solution/.tests-hsgmsmw4/repo --id corruptible --dest /trial/solution/.tests-hsgmsmw4/ausente
exit=1
stdout=''
stderr='{"error": "Snapshot incompleto o con entradas inesperadas: corruptible"}\n'

$ /usr/local/bin/python3 /trial/solution/backup.py restore --repo /trial/solution/.tests-hsgmsmw4/repo --id corruptible --dest /trial/solution/.tests-hsgmsmw4/vacio
exit=1
stdout=''
stderr='{"error": "Snapshot incompleto o con entradas inesperadas: corruptible"}\n'

$ /usr/local/bin/python3 /trial/solution/backup.py list --repo /trial/solution/.tests-hsgmsmw4/repo
exit=0
stdout='{"snapshots": ["buena"]}\n'
stderr=''

$ /usr/local/bin/python3 /trial/solution/backup.py verify --repo /trial/solution/.tests-hsgmsmw4/repo --id corruptible
exit=0
stdout='{"id": "corruptible", "valid": true}\n'
stderr=''

$ /usr/local/bin/python3 /trial/solution/backup.py verify --repo /trial/solution/.tests-hsgmsmw4/repo --id corruptible
exit=1
stdout=''
stderr='{"error": "Contenido corrupto: corruptible/a"}\n'

$ /usr/local/bin/python3 /trial/solution/backup.py verify --repo /trial/solution/.tests-hsgmsmw4/repo --id buena
exit=0
stdout='{"id": "buena", "valid": true}\n'
stderr=''

$ /usr/local/bin/python3 /trial/solution/backup.py restore --repo /trial/solution/.tests-hsgmsmw4/repo --id corruptible --dest /trial/solution/.tests-hsgmsmw4/ausente
exit=1
stdout=''
stderr='{"error": "Contenido corrupto: corruptible/a"}\n'

$ /usr/local/bin/python3 /trial/solution/backup.py restore --repo /trial/solution/.tests-hsgmsmw4/repo --id corruptible --dest /trial/solution/.tests-hsgmsmw4/vacio
exit=1
stdout=''
stderr='{"error": "Contenido corrupto: corruptible/a"}\n'

$ /usr/local/bin/python3 /trial/solution/backup.py list --repo /trial/solution/.tests-hsgmsmw4/repo
exit=0
stdout='{"snapshots": ["buena"]}\n'
stderr=''

$ /usr/local/bin/python3 /trial/solution/backup.py verify --repo /trial/solution/.tests-hsgmsmw4/repo --id corruptible
exit=0
stdout='{"id": "corruptible", "valid": true}\n'
stderr=''

$ /usr/local/bin/python3 /trial/solution/backup.py verify --repo /trial/solution/.tests-hsgmsmw4/repo --id corruptible
exit=1
stdout=''
stderr='{"error": "Contenido corrupto: corruptible/a"}\n'

$ /usr/local/bin/python3 /trial/solution/backup.py verify --repo /trial/solution/.tests-hsgmsmw4/repo --id buena
exit=0
stdout='{"id": "buena", "valid": true}\n'
stderr=''

$ /usr/local/bin/python3 /trial/solution/backup.py restore --repo /trial/solution/.tests-hsgmsmw4/repo --id corruptible --dest /trial/solution/.tests-hsgmsmw4/ausente
exit=1
stdout=''
stderr='{"error": "Contenido corrupto: corruptible/a"}\n'

$ /usr/local/bin/python3 /trial/solution/backup.py restore --repo /trial/solution/.tests-hsgmsmw4/repo --id corruptible --dest /trial/solution/.tests-hsgmsmw4/vacio
exit=1
stdout=''
stderr='{"error": "Contenido corrupto: corruptible/a"}\n'

$ /usr/local/bin/python3 /trial/solution/backup.py list --repo /trial/solution/.tests-hsgmsmw4/repo
exit=0
stdout='{"snapshots": ["buena"]}\n'
stderr=''

$ /usr/local/bin/python3 /trial/solution/backup.py verify --repo /trial/solution/.tests-hsgmsmw4/repo --id corruptible
exit=0
stdout='{"id": "corruptible", "valid": true}\n'
stderr=''

$ /usr/local/bin/python3 /trial/solution/backup.py verify --repo /trial/solution/.tests-hsgmsmw4/repo --id corruptible
exit=1
stdout=''
stderr='{"error": "El \\u00e1rbol de datos no coincide con el manifiesto: corruptible"}\n'

$ /usr/local/bin/python3 /trial/solution/backup.py verify --repo /trial/solution/.tests-hsgmsmw4/repo --id buena
exit=0
stdout='{"id": "buena", "valid": true}\n'
stderr=''

$ /usr/local/bin/python3 /trial/solution/backup.py restore --repo /trial/solution/.tests-hsgmsmw4/repo --id corruptible --dest /trial/solution/.tests-hsgmsmw4/ausente
exit=1
stdout=''
stderr='{"error": "El \\u00e1rbol de datos no coincide con el manifiesto: corruptible"}\n'

$ /usr/local/bin/python3 /trial/solution/backup.py restore --repo /trial/solution/.tests-hsgmsmw4/repo --id corruptible --dest /trial/solution/.tests-hsgmsmw4/vacio
exit=1
stdout=''
stderr='{"error": "El \\u00e1rbol de datos no coincide con el manifiesto: corruptible"}\n'

$ /usr/local/bin/python3 /trial/solution/backup.py list --repo /trial/solution/.tests-hsgmsmw4/repo
exit=0
stdout='{"snapshots": ["buena"]}\n'
stderr=''

$ /usr/local/bin/python3 /trial/solution/backup.py verify --repo /trial/solution/.tests-hsgmsmw4/repo --id corruptible
exit=0
stdout='{"id": "corruptible", "valid": true}\n'
stderr=''

$ /usr/local/bin/python3 /trial/solution/backup.py verify --repo /trial/solution/.tests-hsgmsmw4/repo --id corruptible
exit=1
stdout=''
stderr='{"error": "Contenido corrupto: corruptible/empty"}\n'

$ /usr/local/bin/python3 /trial/solution/backup.py verify --repo /trial/solution/.tests-hsgmsmw4/repo --id buena
exit=0
stdout='{"id": "buena", "valid": true}\n'
stderr=''

$ /usr/local/bin/python3 /trial/solution/backup.py restore --repo /trial/solution/.tests-hsgmsmw4/repo --id corruptible --dest /trial/solution/.tests-hsgmsmw4/ausente
exit=1
stdout=''
stderr='{"error": "Contenido corrupto: corruptible/empty"}\n'

$ /usr/local/bin/python3 /trial/solution/backup.py restore --repo /trial/solution/.tests-hsgmsmw4/repo --id corruptible --dest /trial/solution/.tests-hsgmsmw4/vacio
exit=1
stdout=''
stderr='{"error": "Contenido corrupto: corruptible/empty"}\n'

$ /usr/local/bin/python3 /trial/solution/backup.py list --repo /trial/solution/.tests-hsgmsmw4/repo
exit=0
stdout='{"snapshots": ["buena"]}\n'
stderr=''

$ /usr/local/bin/python3 /trial/solution/backup.py verify --repo /trial/solution/.tests-hsgmsmw4/repo --id corruptible
exit=0
stdout='{"id": "corruptible", "valid": true}\n'
stderr=''

$ /usr/local/bin/python3 /trial/solution/backup.py verify --repo /trial/solution/.tests-hsgmsmw4/repo --id corruptible
exit=1
stdout=''
stderr='{"error": "Contenido corrupto: corruptible/empty"}\n'

$ /usr/local/bin/python3 /trial/solution/backup.py verify --repo /trial/solution/.tests-hsgmsmw4/repo --id buena
exit=0
stdout='{"id": "buena", "valid": true}\n'
stderr=''

$ /usr/local/bin/python3 /trial/solution/backup.py restore --repo /trial/solution/.tests-hsgmsmw4/repo --id corruptible --dest /trial/solution/.tests-hsgmsmw4/ausente
exit=1
stdout=''
stderr='{"error": "Contenido corrupto: corruptible/empty"}\n'

$ /usr/local/bin/python3 /trial/solution/backup.py restore --repo /trial/solution/.tests-hsgmsmw4/repo --id corruptible --dest /trial/solution/.tests-hsgmsmw4/vacio
exit=1
stdout=''
stderr='{"error": "Contenido corrupto: corruptible/empty"}\n'

$ /usr/local/bin/python3 /trial/solution/backup.py list --repo /trial/solution/.tests-hsgmsmw4/repo
exit=0
stdout='{"snapshots": ["buena"]}\n'
stderr=''

$ /usr/local/bin/python3 /trial/solution/backup.py verify --repo /trial/solution/.tests-hsgmsmw4/repo --id corruptible
exit=0
stdout='{"id": "corruptible", "valid": true}\n'
stderr=''

$ /usr/local/bin/python3 /trial/solution/backup.py verify --repo /trial/solution/.tests-hsgmsmw4/repo --id corruptible
exit=1
stdout=''
stderr='{"error": "El \\u00e1rbol de datos no coincide con el manifiesto: corruptible"}\n'

$ /usr/local/bin/python3 /trial/solution/backup.py verify --repo /trial/solution/.tests-hsgmsmw4/repo --id buena
exit=0
stdout='{"id": "buena", "valid": true}\n'
stderr=''

$ /usr/local/bin/python3 /trial/solution/backup.py restore --repo /trial/solution/.tests-hsgmsmw4/repo --id corruptible --dest /trial/solution/.tests-hsgmsmw4/ausente
exit=1
stdout=''
stderr='{"error": "El \\u00e1rbol de datos no coincide con el manifiesto: corruptible"}\n'

$ /usr/local/bin/python3 /trial/solution/backup.py restore --repo /trial/solution/.tests-hsgmsmw4/repo --id corruptible --dest /trial/solution/.tests-hsgmsmw4/vacio
exit=1
stdout=''
stderr='{"error": "El \\u00e1rbol de datos no coincide con el manifiesto: corruptible"}\n'

$ /usr/local/bin/python3 /trial/solution/backup.py list --repo /trial/solution/.tests-hsgmsmw4/repo
exit=0
stdout='{"snapshots": ["buena"]}\n'
stderr=''

$ /usr/local/bin/python3 /trial/solution/backup.py verify --repo /trial/solution/.tests-hsgmsmw4/repo --id corruptible
exit=0
stdout='{"id": "corruptible", "valid": true}\n'
stderr=''

$ /usr/local/bin/python3 /trial/solution/backup.py verify --repo /trial/solution/.tests-hsgmsmw4/repo --id corruptible
exit=1
stdout=''
stderr='{"error": "El \\u00e1rbol de datos no coincide con el manifiesto: corruptible"}\n'

$ /usr/local/bin/python3 /trial/solution/backup.py verify --repo /trial/solution/.tests-hsgmsmw4/repo --id corruptible
exit=1
stdout=''
stderr='{"error": "El \\u00e1rbol de datos no coincide con el manifiesto: corruptible"}\n'

$ /usr/local/bin/python3 /trial/solution/backup.py verify --repo /trial/solution/.tests-hsgmsmw4/repo --id corruptible
exit=1
stdout=''
stderr='{"error": "Snapshot incompleto o con entradas inesperadas: corruptible"}\n'

$ /usr/local/bin/python3 /trial/solution/backup.py verify --repo /trial/solution/.tests-hsgmsmw4/repo --id corruptible
exit=0
stdout='{"id": "corruptible", "valid": true}\n'
stderr=''

$ /usr/local/bin/python3 /trial/solution/backup.py create --repo /trial/solution/.tests-rlrufaw_/repo --source /trial/solution/.tests-rlrufaw_/source --id v1
exit=0
stdout='{"id": "v1"}\n'
stderr=''

$ /usr/local/bin/python3 /trial/solution/backup.py create --repo /trial/solution/.tests-rlrufaw_/repo --source /trial/solution/.tests-rlrufaw_/source --id v1
exit=1
stdout=''
stderr='{"error": "El ID ya existe: v1"}\n'

$ /usr/local/bin/python3 /trial/solution/backup.py restore --repo /trial/solution/.tests-rlrufaw_/repo --id v1 --dest /trial/solution/.tests-rlrufaw_/protegido
exit=1
stdout=''
stderr='{"error": "El destino preexistente no est\\u00e1 vac\\u00edo: /trial/solution/.tests-rlrufaw_/protegido"}\n'

$ /usr/local/bin/python3 /trial/solution/backup.py restore --repo /trial/solution/.tests-rlrufaw_/repo --id v1 --dest /trial/solution/.tests-rlrufaw_/tambien-no-vacio
exit=1
stdout=''
stderr='{"error": "El destino preexistente no est\\u00e1 vac\\u00edo: /trial/solution/.tests-rlrufaw_/tambien-no-vacio"}\n'

$ /usr/local/bin/python3 /trial/solution/backup.py restore --repo /trial/solution/.tests-rlrufaw_/repo --id v1 --dest /trial/solution/.tests-rlrufaw_/archivo
exit=1
stdout=''
stderr='{"error": "Se requiere un directorio: /trial/solution/.tests-rlrufaw_/archivo"}\n'

$ /usr/local/bin/python3 /trial/solution/backup.py create --repo /trial/solution/.tests-b1i9o908/repo --source /trial/solution/.tests-b1i9o908/source --id v1
exit=0
stdout='{"id": "v1"}\n'
stderr=''

$ /usr/local/bin/python3 /trial/solution/backup.py verify --repo /trial/solution/.tests-b1i9o908/repo --id v1
exit=1
stdout=''
stderr='{"error": "Ruta fuera del \\u00e1rbol de datos"}\n'

$ /usr/local/bin/python3 /trial/solution/backup.py restore --repo /trial/solution/.tests-b1i9o908/repo --id v1 --dest /trial/solution/.tests-b1i9o908/d
exit=1
stdout=''
stderr='{"error": "Ruta fuera del \\u00e1rbol de datos"}\n'

$ /usr/local/bin/python3 /trial/solution/backup.py verify --repo /trial/solution/.tests-b1i9o908/repo --id v1
exit=1
stdout=''
stderr='{"error": "Ruta fuera del \\u00e1rbol de datos"}\n'

$ /usr/local/bin/python3 /trial/solution/backup.py restore --repo /trial/solution/.tests-b1i9o908/repo --id v1 --dest /trial/solution/.tests-b1i9o908/d
exit=1
stdout=''
stderr='{"error": "Ruta fuera del \\u00e1rbol de datos"}\n'

$ /usr/local/bin/python3 /trial/solution/backup.py verify --repo /trial/solution/.tests-b1i9o908/repo --id v1
exit=1
stdout=''
stderr='{"error": "Ruta fuera del \\u00e1rbol de datos"}\n'

$ /usr/local/bin/python3 /trial/solution/backup.py restore --repo /trial/solution/.tests-b1i9o908/repo --id v1 --dest /trial/solution/.tests-b1i9o908/d
exit=1
stdout=''
stderr='{"error": "Ruta fuera del \\u00e1rbol de datos"}\n'

$ /usr/local/bin/python3 /trial/solution/backup.py verify --repo /trial/solution/.tests-b1i9o908/repo --id v1
exit=1
stdout=''
stderr='{"error": "Ruta fuera del \\u00e1rbol de datos"}\n'

$ /usr/local/bin/python3 /trial/solution/backup.py restore --repo /trial/solution/.tests-b1i9o908/repo --id v1 --dest /trial/solution/.tests-b1i9o908/d
exit=1
stdout=''
stderr='{"error": "Ruta fuera del \\u00e1rbol de datos"}\n'

$ /usr/local/bin/python3 /trial/solution/backup.py verify --repo /trial/solution/.tests-b1i9o908/repo --id v1
exit=1
stdout=''
stderr='{"error": "Ruta fuera del \\u00e1rbol de datos"}\n'

$ /usr/local/bin/python3 /trial/solution/backup.py restore --repo /trial/solution/.tests-b1i9o908/repo --id v1 --dest /trial/solution/.tests-b1i9o908/d
exit=1
stdout=''
stderr='{"error": "Ruta fuera del \\u00e1rbol de datos"}\n'

$ /usr/local/bin/python3 /trial/solution/backup.py verify --repo /trial/solution/.tests-b1i9o908/repo --id v1
exit=1
stdout=''
stderr='{"error": "Ruta de manifiesto inv\\u00e1lida"}\n'

$ /usr/local/bin/python3 /trial/solution/backup.py restore --repo /trial/solution/.tests-b1i9o908/repo --id v1 --dest /trial/solution/.tests-b1i9o908/d
exit=1
stdout=''
stderr='{"error": "Ruta de manifiesto inv\\u00e1lida"}\n'

$ /usr/local/bin/python3 /trial/solution/backup.py verify --repo /trial/solution/.tests-b1i9o908/repo --id v1
exit=1
stdout=''
stderr='{"error": "Rutas duplicadas o desordenadas en el manifiesto"}\n'

$ /usr/local/bin/python3 /trial/solution/backup.py restore --repo /trial/solution/.tests-b1i9o908/repo --id v1 --dest /trial/solution/.tests-b1i9o908/d
exit=1
stdout=''
stderr='{"error": "Rutas duplicadas o desordenadas en el manifiesto"}\n'

$ /usr/local/bin/python3 /trial/solution/backup.py verify --repo /trial/solution/.tests-b1i9o908/repo --id v1
exit=1
stdout=''
stderr='{"error": "Tama\\u00f1o o hash inv\\u00e1lido en el manifiesto"}\n'

$ /usr/local/bin/python3 /trial/solution/backup.py restore --repo /trial/solution/.tests-b1i9o908/repo --id v1 --dest /trial/solution/.tests-b1i9o908/d
exit=1
stdout=''
stderr='{"error": "Tama\\u00f1o o hash inv\\u00e1lido en el manifiesto"}\n'

$ /usr/local/bin/python3 /trial/solution/backup.py verify --repo /trial/solution/.tests-b1i9o908/repo --id v1
exit=1
stdout=''
stderr='{"error": "Formato del manifiesto incorrecto: v1"}\n'

$ /usr/local/bin/python3 /trial/solution/backup.py restore --repo /trial/solution/.tests-b1i9o908/repo --id v1 --dest /trial/solution/.tests-b1i9o908/d
exit=1
stdout=''
stderr='{"error": "Formato del manifiesto incorrecto: v1"}\n'

$ /usr/local/bin/python3 /trial/solution/backup.py verify --repo /trial/solution/.tests-b1i9o908/repo --id v1
exit=0
stdout='{"id": "v1", "valid": true}\n'
stderr=''

$ /usr/local/bin/python3 /trial/solution/backup.py list --repo /trial/solution/.tests-r6s7dsu1/repo
exit=0
stdout='{"snapshots": []}\n'
stderr=''

$ /usr/local/bin/python3 /trial/solution/backup.py list --repo /trial/solution/.tests-r6s7dsu1/no-existe
exit=0
stdout='{"snapshots": []}\n'
stderr=''

$ /usr/local/bin/python3 /trial/solution/backup.py verify --repo /trial/solution/.tests-r6s7dsu1/repo --id missing
exit=1
stdout=''
stderr='{"error": "ID inexistente: missing"}\n'

$ /usr/local/bin/python3 /trial/solution/backup.py restore --repo /trial/solution/.tests-r6s7dsu1/repo --id missing --dest /trial/solution/.tests-r6s7dsu1/dest
exit=1
stdout=''
stderr='{"error": "ID inexistente: missing"}\n'

$ /usr/local/bin/python3 /trial/solution/backup.py verify --repo /trial/solution/.tests-r6s7dsu1/repo --id inexistente
exit=1
stdout=''
stderr='{"error": "ID inexistente: inexistente"}\n'

$ /usr/local/bin/python3 /trial/solution/backup.py restore --repo /trial/solution/.tests-r6s7dsu1/repo --id inexistente --dest /trial/solution/.tests-r6s7dsu1/dest
exit=1
stdout=''
stderr='{"error": "ID inexistente: inexistente"}\n'

$ /usr/local/bin/python3 /trial/solution/backup.py create --repo /trial/solution/.tests-r6s7dsu1/repo --source /trial/solution/.tests-r6s7dsu1/source --id ''
exit=1
stdout=''
stderr='{"error": "ID inv\\u00e1lido: se requiere [A-Za-z0-9][A-Za-z0-9_-]{0,63}"}\n'

$ /usr/local/bin/python3 /trial/solution/backup.py verify --repo /trial/solution/.tests-r6s7dsu1/repo --id ''
exit=1
stdout=''
stderr='{"error": "ID inv\\u00e1lido: se requiere [A-Za-z0-9][A-Za-z0-9_-]{0,63}"}\n'

$ /usr/local/bin/python3 /trial/solution/backup.py restore --repo /trial/solution/.tests-r6s7dsu1/repo --id '' --dest /trial/solution/.tests-r6s7dsu1/d
exit=1
stdout=''
stderr='{"error": "ID inv\\u00e1lido: se requiere [A-Za-z0-9][A-Za-z0-9_-]{0,63}"}\n'

$ /usr/local/bin/python3 /trial/solution/backup.py create --repo /trial/solution/.tests-r6s7dsu1/repo --source /trial/solution/.tests-r6s7dsu1/source --id ../x
exit=1
stdout=''
stderr='{"error": "ID inv\\u00e1lido: se requiere [A-Za-z0-9][A-Za-z0-9_-]{0,63}"}\n'

$ /usr/local/bin/python3 /trial/solution/backup.py verify --repo /trial/solution/.tests-r6s7dsu1/repo --id ../x
exit=1
stdout=''
stderr='{"error": "ID inv\\u00e1lido: se requiere [A-Za-z0-9][A-Za-z0-9_-]{0,63}"}\n'

$ /usr/local/bin/python3 /trial/solution/backup.py restore --repo /trial/solution/.tests-r6s7dsu1/repo --id ../x --dest /trial/solution/.tests-r6s7dsu1/d
exit=1
stdout=''
stderr='{"error": "ID inv\\u00e1lido: se requiere [A-Za-z0-9][A-Za-z0-9_-]{0,63}"}\n'

$ /usr/local/bin/python3 /trial/solution/backup.py create --repo /trial/solution/.tests-r6s7dsu1/repo --source /trial/solution/.tests-r6s7dsu1/source --id .x
exit=1
stdout=''
stderr='{"error": "ID inv\\u00e1lido: se requiere [A-Za-z0-9][A-Za-z0-9_-]{0,63}"}\n'

$ /usr/local/bin/python3 /trial/solution/backup.py verify --repo /trial/solution/.tests-r6s7dsu1/repo --id .x
exit=1
stdout=''
stderr='{"error": "ID inv\\u00e1lido: se requiere [A-Za-z0-9][A-Za-z0-9_-]{0,63}"}\n'

$ /usr/local/bin/python3 /trial/solution/backup.py restore --repo /trial/solution/.tests-r6s7dsu1/repo --id .x --dest /trial/solution/.tests-r6s7dsu1/d
exit=1
stdout=''
stderr='{"error": "ID inv\\u00e1lido: se requiere [A-Za-z0-9][A-Za-z0-9_-]{0,63}"}\n'

$ /usr/local/bin/python3 /trial/solution/backup.py create --repo /trial/solution/.tests-r6s7dsu1/repo --source /trial/solution/.tests-r6s7dsu1/source --id _x
exit=1
stdout=''
stderr='{"error": "ID inv\\u00e1lido: se requiere [A-Za-z0-9][A-Za-z0-9_-]{0,63}"}\n'

$ /usr/local/bin/python3 /trial/solution/backup.py verify --repo /trial/solution/.tests-r6s7dsu1/repo --id _x
exit=1
stdout=''
stderr='{"error": "ID inv\\u00e1lido: se requiere [A-Za-z0-9][A-Za-z0-9_-]{0,63}"}\n'

$ /usr/local/bin/python3 /trial/solution/backup.py restore --repo /trial/solution/.tests-r6s7dsu1/repo --id _x --dest /trial/solution/.tests-r6s7dsu1/d
exit=1
stdout=''
stderr='{"error": "ID inv\\u00e1lido: se requiere [A-Za-z0-9][A-Za-z0-9_-]{0,63}"}\n'

$ /usr/local/bin/python3 /trial/solution/backup.py create --repo /trial/solution/.tests-r6s7dsu1/repo --source /trial/solution/.tests-r6s7dsu1/source --id -x
exit=1
stdout=''
stderr='{"error": "argument --id: expected one argument"}\n'

$ /usr/local/bin/python3 /trial/solution/backup.py verify --repo /trial/solution/.tests-r6s7dsu1/repo --id -x
exit=1
stdout=''
stderr='{"error": "argument --id: expected one argument"}\n'

$ /usr/local/bin/python3 /trial/solution/backup.py restore --repo /trial/solution/.tests-r6s7dsu1/repo --id -x --dest /trial/solution/.tests-r6s7dsu1/d
exit=1
stdout=''
stderr='{"error": "argument --id: expected one argument"}\n'

$ /usr/local/bin/python3 /trial/solution/backup.py create --repo /trial/solution/.tests-r6s7dsu1/repo --source /trial/solution/.tests-r6s7dsu1/source --id 'ñ'
exit=1
stdout=''
stderr='{"error": "ID inv\\u00e1lido: se requiere [A-Za-z0-9][A-Za-z0-9_-]{0,63}"}\n'

$ /usr/local/bin/python3 /trial/solution/backup.py verify --repo /trial/solution/.tests-r6s7dsu1/repo --id 'ñ'
exit=1
stdout=''
stderr='{"error": "ID inv\\u00e1lido: se requiere [A-Za-z0-9][A-Za-z0-9_-]{0,63}"}\n'

$ /usr/local/bin/python3 /trial/solution/backup.py restore --repo /trial/solution/.tests-r6s7dsu1/repo --id 'ñ' --dest /trial/solution/.tests-r6s7dsu1/d
exit=1
stdout=''
stderr='{"error": "ID inv\\u00e1lido: se requiere [A-Za-z0-9][A-Za-z0-9_-]{0,63}"}\n'

$ /usr/local/bin/python3 /trial/solution/backup.py create --repo /trial/solution/.tests-r6s7dsu1/repo --source /trial/solution/.tests-r6s7dsu1/source --id a/b
exit=1
stdout=''
stderr='{"error": "ID inv\\u00e1lido: se requiere [A-Za-z0-9][A-Za-z0-9_-]{0,63}"}\n'

$ /usr/local/bin/python3 /trial/solution/backup.py verify --repo /trial/solution/.tests-r6s7dsu1/repo --id a/b
exit=1
stdout=''
stderr='{"error": "ID inv\\u00e1lido: se requiere [A-Za-z0-9][A-Za-z0-9_-]{0,63}"}\n'

$ /usr/local/bin/python3 /trial/solution/backup.py restore --repo /trial/solution/.tests-r6s7dsu1/repo --id a/b --dest /trial/solution/.tests-r6s7dsu1/d
exit=1
stdout=''
stderr='{"error": "ID inv\\u00e1lido: se requiere [A-Za-z0-9][A-Za-z0-9_-]{0,63}"}\n'

$ /usr/local/bin/python3 /trial/solution/backup.py create --repo /trial/solution/.tests-r6s7dsu1/repo --source /trial/solution/.tests-r6s7dsu1/source --id aaaaaaaaaaaaaaaaaaaaaaaaaaaaaaaaaaaaaaaaaaaaaaaaaaaaaaaaaaaaaaaaa
exit=1
stdout=''
stderr='{"error": "ID inv\\u00e1lido: se requiere [A-Za-z0-9][A-Za-z0-9_-]{0,63}"}\n'

$ /usr/local/bin/python3 /trial/solution/backup.py verify --repo /trial/solution/.tests-r6s7dsu1/repo --id aaaaaaaaaaaaaaaaaaaaaaaaaaaaaaaaaaaaaaaaaaaaaaaaaaaaaaaaaaaaaaaaa
exit=1
stdout=''
stderr='{"error": "ID inv\\u00e1lido: se requiere [A-Za-z0-9][A-Za-z0-9_-]{0,63}"}\n'

$ /usr/local/bin/python3 /trial/solution/backup.py restore --repo /trial/solution/.tests-r6s7dsu1/repo --id aaaaaaaaaaaaaaaaaaaaaaaaaaaaaaaaaaaaaaaaaaaaaaaaaaaaaaaaaaaaaaaaa --dest /trial/solution/.tests-r6s7dsu1/d
exit=1
stdout=''
stderr='{"error": "ID inv\\u00e1lido: se requiere [A-Za-z0-9][A-Za-z0-9_-]{0,63}"}\n'

$ /usr/local/bin/python3 /trial/solution/backup.py create --repo /trial/solution/.tests-r6s7dsu1/repo --source /trial/solution/.tests-r6s7dsu1/source --id 'x
'
exit=1
stdout=''
stderr='{"error": "ID inv\\u00e1lido: se requiere [A-Za-z0-9][A-Za-z0-9_-]{0,63}"}\n'

$ /usr/local/bin/python3 /trial/solution/backup.py verify --repo /trial/solution/.tests-r6s7dsu1/repo --id 'x
'
exit=1
stdout=''
stderr='{"error": "ID inv\\u00e1lido: se requiere [A-Za-z0-9][A-Za-z0-9_-]{0,63}"}\n'

$ /usr/local/bin/python3 /trial/solution/backup.py restore --repo /trial/solution/.tests-r6s7dsu1/repo --id 'x
' --dest /trial/solution/.tests-r6s7dsu1/d
exit=1
stdout=''
stderr='{"error": "ID inv\\u00e1lido: se requiere [A-Za-z0-9][A-Za-z0-9_-]{0,63}"}\n'

$ /usr/local/bin/python3 /trial/solution/backup.py create --repo /trial/solution/.tests-r6s7dsu1/repo --source /trial/solution/.tests-r6s7dsu1/source --id A
exit=0
stdout='{"id": "A"}\n'
stderr=''

$ /usr/local/bin/python3 /trial/solution/backup.py create --repo /trial/solution/.tests-r6s7dsu1/repo --source /trial/solution/.tests-r6s7dsu1/source --id 0_az-Z
exit=0
stdout='{"id": "0_az-Z"}\n'
stderr=''

$ /usr/local/bin/python3 /trial/solution/backup.py create --repo /trial/solution/.tests-r6s7dsu1/repo --source /trial/solution/.tests-r6s7dsu1/source --id aaaaaaaaaaaaaaaaaaaaaaaaaaaaaaaaaaaaaaaaaaaaaaaaaaaaaaaaaaaaaaaa
exit=0
stdout='{"id": "aaaaaaaaaaaaaaaaaaaaaaaaaaaaaaaaaaaaaaaaaaaaaaaaaaaaaaaaaaaaaaaa"}\n'
stderr=''

$ /usr/local/bin/python3 /trial/solution/backup.py list --repo /trial/solution/.tests-r6s7dsu1/repo
exit=0
stdout='{"snapshots": ["0_az-Z", "A", "aaaaaaaaaaaaaaaaaaaaaaaaaaaaaaaaaaaaaaaaaaaaaaaaaaaaaaaaaaaaaaaa"]}\n'
stderr=''

$ /usr/local/bin/python3 /trial/solution/backup.py create --repo /trial/solution/.tests-r6s7dsu1/repo
exit=1
stdout=''
stderr='{"error": "the following arguments are required: --id, --source"}\n'

$ /usr/local/bin/python3 /trial/solution/backup.py create --repo /trial/solution/.tests-f_1upzcd/repo --source /trial/solution/.tests-f_1upzcd/source --id anterior
exit=0
stdout='{"id": "anterior"}\n'
stderr=''

$ /usr/local/bin/python3 /trial/solution/backup.py create --source /trial/solution/.tests-f_1upzcd/source --repo /trial/solution/.tests-f_1upzcd/repo --id interrumpida
exit=-9
stdout=''
stderr=''

SIGKILL enviado al observar staging; reintento sin limpiar repositorio.

$ /usr/local/bin/python3 /trial/solution/backup.py list --repo /trial/solution/.tests-f_1upzcd/repo
exit=0
stdout='{"snapshots": ["anterior"]}\n'
stderr=''

$ /usr/local/bin/python3 /trial/solution/backup.py verify --repo /trial/solution/.tests-f_1upzcd/repo --id interrumpida
exit=1
stdout=''
stderr='{"error": "ID inexistente: interrumpida"}\n'

$ /usr/local/bin/python3 /trial/solution/backup.py create --repo /trial/solution/.tests-f_1upzcd/repo --source /trial/solution/.tests-f_1upzcd/source --id interrumpida
exit=0
stdout='{"id": "interrumpida"}\n'
stderr=''

$ /usr/local/bin/python3 /trial/solution/backup.py verify --repo /trial/solution/.tests-f_1upzcd/repo --id interrumpida
exit=0
stdout='{"id": "interrumpida", "valid": true}\n'
stderr=''

$ /usr/local/bin/python3 /trial/solution/backup.py verify --repo /trial/solution/.tests-f_1upzcd/repo --id anterior
exit=0
stdout='{"id": "anterior", "valid": true}\n'
stderr=''

$ /usr/local/bin/python3 /trial/solution/backup.py list --repo /trial/solution/.tests-f_1upzcd/repo
exit=0
stdout='{"snapshots": ["anterior", "interrumpida"]}\n'
stderr=''

$ /usr/local/bin/python3 /trial/solution/backup.py create --repo /trial/solution/.tests-jz28ium7/source --source /trial/solution/.tests-jz28ium7/source --id v1
exit=1
stdout=''
stderr='{"error": "Rutas solapadas: /trial/solution/.tests-jz28ium7/source y /trial/solution/.tests-jz28ium7/source"}\n'

$ /usr/local/bin/python3 /trial/solution/backup.py create --repo /trial/solution/.tests-jz28ium7/source/repositorio --source /trial/solution/.tests-jz28ium7/source --id v1
exit=1
stdout=''
stderr='{"error": "Rutas solapadas: /trial/solution/.tests-jz28ium7/source y /trial/solution/.tests-jz28ium7/source/repositorio"}\n'

$ /usr/local/bin/python3 /trial/solution/backup.py create --repo /trial/solution/.tests-jz28ium7/repo --source /trial/solution/.tests-jz28ium7/repo/source --id x
exit=1
stdout=''
stderr='{"error": "Rutas solapadas: /trial/solution/.tests-jz28ium7/repo/source y /trial/solution/.tests-jz28ium7/repo"}\n'

$ /usr/local/bin/python3 /trial/solution/backup.py create --repo /trial/solution/.tests-jz28ium7/repo --source /trial/solution/.tests-jz28ium7/source --id v1
exit=0
stdout='{"id": "v1"}\n'
stderr=''

$ /usr/local/bin/python3 /trial/solution/backup.py restore --repo /trial/solution/.tests-jz28ium7/repo --id v1 --dest /trial/solution/.tests-jz28ium7/repo/d
exit=1
stdout=''
stderr='{"error": "Rutas solapadas: /trial/solution/.tests-jz28ium7/repo y /trial/solution/.tests-jz28ium7/repo/d"}\n'

$ /usr/local/bin/python3 /trial/solution/backup.py restore --repo /trial/solution/.tests-jz28ium7/repo --id v1 --dest /trial/solution/.tests-jz28ium7
exit=1
stdout=''
stderr='{"error": "Rutas solapadas: /trial/solution/.tests-jz28ium7/repo y /trial/solution/.tests-jz28ium7"}\n'

$ /usr/local/bin/python3 /trial/solution/backup.py create --repo /trial/solution/.tests-6a1ha_va/repo --source /trial/solution/.tests-6a1ha_va/source --id v1
exit=1
stdout=''
stderr='{"error": "Symlink rechazado: /trial/solution/.tests-6a1ha_va/source/enlace"}\n'

$ /usr/local/bin/python3 /trial/solution/backup.py create --repo /trial/solution/.tests-6a1ha_va/repo --source /trial/solution/.tests-6a1ha_va/source --id v1
exit=1
stdout=''
stderr='{"error": "Symlink rechazado: /trial/solution/.tests-6a1ha_va/source/enlace"}\n'

$ /usr/local/bin/python3 /trial/solution/backup.py create --repo /trial/solution/.tests-6a1ha_va/repo --source /trial/solution/.tests-6a1ha_va/source --id v1
exit=1
stdout=''
stderr='{"error": "Symlink rechazado: /trial/solution/.tests-6a1ha_va/source/enlace"}\n'

$ /usr/local/bin/python3 /trial/solution/backup.py create --repo /trial/solution/.tests-6a1ha_va/repo --source /trial/solution/.tests-6a1ha_va/fuente-enlace --id x
exit=1
stdout=''
stderr='{"error": "Symlink rechazado: /trial/solution/.tests-6a1ha_va/fuente-enlace"}\n'

$ /usr/local/bin/python3 /trial/solution/backup.py create --repo /trial/solution/.tests-6a1ha_va/repo --source /trial/solution/.tests-6a1ha_va/padre-enlace --id x
exit=1
stdout=''
stderr='{"error": "Symlink rechazado: /trial/solution/.tests-6a1ha_va/padre-enlace"}\n'

$ /usr/local/bin/python3 /trial/solution/backup.py list --repo /trial/solution/.tests-6a1ha_va/padre-enlace/repositorio-ausente
exit=1
stdout=''
stderr='{"error": "Symlink rechazado: /trial/solution/.tests-6a1ha_va/padre-enlace"}\n'

$ /usr/local/bin/python3 /trial/solution/backup.py list --repo /trial/solution/.tests-6a1ha_va/repo-enlace
exit=1
stdout=''
stderr='{"error": "Symlink rechazado: /trial/solution/.tests-6a1ha_va/repo-enlace"}\n'

$ /usr/local/bin/python3 /trial/solution/backup.py create --repo /trial/solution/.tests-6a1ha_va/repo --source /trial/solution/.tests-6a1ha_va/source --id v1
exit=0
stdout='{"id": "v1"}\n'
stderr=''

$ /usr/local/bin/python3 /trial/solution/backup.py restore --repo /trial/solution/.tests-6a1ha_va/repo --id v1 --dest /trial/solution/.tests-6a1ha_va/dest-enlace
exit=1
stdout=''
stderr='{"error": "Symlink rechazado: /trial/solution/.tests-6a1ha_va/dest-enlace"}\n'

$ /usr/local/bin/python3 /trial/solution/backup.py restore --repo /trial/solution/.tests-6a1ha_va/repo --id v1 --dest /trial/solution/.tests-6a1ha_va/padre-enlace/dest-ausente
exit=1
stdout=''
stderr='{"error": "Symlink rechazado: /trial/solution/.tests-6a1ha_va/padre-enlace"}\n'

$ /usr/local/bin/python3 /trial/solution/backup.py restore --repo /trial/solution/.tests-6a1ha_va/repo --id v1 --dest /trial/solution/.tests-6a1ha_va/dest
exit=1
stdout=''
stderr='{"error": "Symlink rechazado: /trial/solution/.tests-6a1ha_va/dest/enlace"}\n'

$ /usr/local/bin/python3 /trial/solution/backup.py create --repo /trial/solution/.tests-gwev48kw/repo --source /trial/solution/.tests-gwev48kw/source --id v1
exit=0
stdout='{"id": "v1"}\n'
stderr=''

$ /usr/local/bin/python3 /trial/solution/backup.py list --repo /trial/solution/.tests-gwev48kw/repo
exit=1
stdout=''
stderr='{"error": "Symlink rechazado: /trial/solution/.tests-gwev48kw/repo/enlace"}\n'

$ /usr/local/bin/python3 /trial/solution/backup.py verify --repo /trial/solution/.tests-gwev48kw/repo --id v1
exit=1
stdout=''
stderr='{"error": "Symlink rechazado: /trial/solution/.tests-gwev48kw/repo/enlace"}\n'

$ /usr/local/bin/python3 /trial/solution/backup.py create --repo /trial/solution/.tests-gwev48kw/repo --id x --source /trial/solution/.tests-gwev48kw/source
exit=1
stdout=''
stderr='{"error": "Symlink rechazado: /trial/solution/.tests-gwev48kw/repo/enlace"}\n'

$ /usr/local/bin/python3 /trial/solution/backup.py restore --repo /trial/solution/.tests-gwev48kw/repo --id v1 --dest /trial/solution/.tests-gwev48kw/d
exit=1
stdout=''
stderr='{"error": "Symlink rechazado: /trial/solution/.tests-gwev48kw/repo/enlace"}\n'

$ /usr/local/bin/python3 /trial/solution/backup.py list --repo /trial/solution/.tests-gwev48kw/repo
exit=1
stdout=''
stderr='{"error": "Symlink rechazado: /trial/solution/.tests-gwev48kw/repo/.staging/enlace"}\n'

$ /usr/local/bin/python3 /trial/solution/backup.py verify --repo /trial/solution/.tests-gwev48kw/repo --id v1
exit=1
stdout=''
stderr='{"error": "Symlink rechazado: /trial/solution/.tests-gwev48kw/repo/.staging/enlace"}\n'

$ /usr/local/bin/python3 /trial/solution/backup.py create --repo /trial/solution/.tests-gwev48kw/repo --id x --source /trial/solution/.tests-gwev48kw/source
exit=1
stdout=''
stderr='{"error": "Symlink rechazado: /trial/solution/.tests-gwev48kw/repo/.staging/enlace"}\n'

$ /usr/local/bin/python3 /trial/solution/backup.py restore --repo /trial/solution/.tests-gwev48kw/repo --id v1 --dest /trial/solution/.tests-gwev48kw/d
exit=1
stdout=''
stderr='{"error": "Symlink rechazado: /trial/solution/.tests-gwev48kw/repo/.staging/enlace"}\n'

$ /usr/local/bin/python3 /trial/solution/backup.py list --repo /trial/solution/.tests-gwev48kw/repo
exit=1
stdout=''
stderr='{"error": "Symlink rechazado: /trial/solution/.tests-gwev48kw/repo/snapshots/v1/data/enlace"}\n'

$ /usr/local/bin/python3 /trial/solution/backup.py verify --repo /trial/solution/.tests-gwev48kw/repo --id v1
exit=1
stdout=''
stderr='{"error": "Symlink rechazado: /trial/solution/.tests-gwev48kw/repo/snapshots/v1/data/enlace"}\n'

$ /usr/local/bin/python3 /trial/solution/backup.py create --repo /trial/solution/.tests-gwev48kw/repo --id x --source /trial/solution/.tests-gwev48kw/source
exit=1
stdout=''
stderr='{"error": "Symlink rechazado: /trial/solution/.tests-gwev48kw/repo/snapshots/v1/data/enlace"}\n'

$ /usr/local/bin/python3 /trial/solution/backup.py restore --repo /trial/solution/.tests-gwev48kw/repo --id v1 --dest /trial/solution/.tests-gwev48kw/d
exit=1
stdout=''
stderr='{"error": "Symlink rechazado: /trial/solution/.tests-gwev48kw/repo/snapshots/v1/data/enlace"}\n'

$ /usr/local/bin/python3 /trial/solution/backup.py verify --repo /trial/solution/.tests-gwev48kw/repo --id v1
exit=1
stdout=''
stderr='{"error": "Symlink rechazado: /trial/solution/.tests-gwev48kw/repo/snapshots/v1/manifest.json"}\n'

$ /usr/local/bin/python3 /trial/solution/backup.py restore --repo /trial/solution/.tests-gwev48kw/repo --id v1 --dest /trial/solution/.tests-gwev48kw/d
exit=1
stdout=''
stderr='{"error": "Symlink rechazado: /trial/solution/.tests-gwev48kw/repo/snapshots/v1/manifest.json"}\n'

$ /usr/local/bin/python3 /trial/solution/backup.py verify --repo /trial/solution/.tests-gwev48kw/repo --id v1
exit=1
stdout=''
stderr='{"error": "Symlink rechazado: /trial/solution/.tests-gwev48kw/repo/snapshots/v1/manifest.sha256"}\n'

$ /usr/local/bin/python3 /trial/solution/backup.py restore --repo /trial/solution/.tests-gwev48kw/repo --id v1 --dest /trial/solution/.tests-gwev48kw/d
exit=1
stdout=''
stderr='{"error": "Symlink rechazado: /trial/solution/.tests-gwev48kw/repo/snapshots/v1/manifest.sha256"}\n'

$ /usr/local/bin/python3 /trial/solution/backup.py verify --repo /trial/solution/.tests-gwev48kw/repo --id v1
exit=1
stdout=''
stderr='{"error": "Symlink rechazado: /trial/solution/.tests-gwev48kw/repo/snapshots/v1/data/a"}\n'

$ /usr/local/bin/python3 /trial/solution/backup.py restore --repo /trial/solution/.tests-gwev48kw/repo --id v1 --dest /trial/solution/.tests-gwev48kw/d
exit=1
stdout=''
stderr='{"error": "Symlink rechazado: /trial/solution/.tests-gwev48kw/repo/snapshots/v1/data/a"}\n'

$ /usr/local/bin/python3 /trial/solution/backup.py verify --repo /trial/solution/.tests-gwev48kw/repo --id v1
exit=0
stdout='{"id": "v1", "valid": true}\n'
stderr=''

$ /usr/local/bin/python3 /trial/solution/backup.py create --repo /trial/solution/.tests-as4b1px_/repo --source /trial/solution/.tests-as4b1px_/source --id z_version1
exit=0
stdout='{"id": "z_version1"}\n'
stderr=''

$ /usr/local/bin/python3 /trial/solution/backup.py create --repo /trial/solution/.tests-as4b1px_/repo --source /trial/solution/.tests-as4b1px_/source --id a_version2
exit=0
stdout='{"id": "a_version2"}\n'
stderr=''

$ /usr/local/bin/python3 /trial/solution/backup.py create --repo /trial/solution/.tests-as4b1px_/repo --source /trial/solution/.tests-as4b1px_/source --id m_vacia3
exit=0
stdout='{"id": "m_vacia3"}\n'
stderr=''

$ /usr/local/bin/python3 /trial/solution/backup.py list --repo /trial/solution/.tests-as4b1px_/repo
exit=0
stdout='{"snapshots": ["a_version2", "m_vacia3", "z_version1"]}\n'
stderr=''

$ /usr/local/bin/python3 /trial/solution/backup.py verify --repo /trial/solution/.tests-as4b1px_/repo --id z_version1
exit=0
stdout='{"id": "z_version1", "valid": true}\n'
stderr=''

$ /usr/local/bin/python3 /trial/solution/backup.py restore --repo /trial/solution/.tests-as4b1px_/repo --id z_version1 --dest /trial/solution/.tests-as4b1px_/restauraciones/z_version1
exit=0
stdout='{"id": "z_version1"}\n'
stderr=''

$ /usr/local/bin/python3 /trial/solution/backup.py verify --repo /trial/solution/.tests-as4b1px_/repo --id a_version2
exit=0
stdout='{"id": "a_version2", "valid": true}\n'
stderr=''

$ /usr/local/bin/python3 /trial/solution/backup.py restore --repo /trial/solution/.tests-as4b1px_/repo --id a_version2 --dest /trial/solution/.tests-as4b1px_/restauraciones/a_version2
exit=0
stdout='{"id": "a_version2"}\n'
stderr=''

$ /usr/local/bin/python3 /trial/solution/backup.py verify --repo /trial/solution/.tests-as4b1px_/repo --id m_vacia3
exit=0
stdout='{"id": "m_vacia3", "valid": true}\n'
stderr=''

$ /usr/local/bin/python3 /trial/solution/backup.py restore --repo /trial/solution/.tests-as4b1px_/repo --id m_vacia3 --dest /trial/solution/.tests-as4b1px_/restauraciones/m_vacia3
exit=0
stdout='{"id": "m_vacia3"}\n'
stderr=''

