experiments/development/parallel_analysis_2026-10-01/checks/integration01/1.stdout:29: trailing whitespace.
+E                     
experiments/development/parallel_analysis_2026-10-01/checks/integration01/1.stdout:62: trailing whitespace.
+E                     
experiments/development/parallel_analysis_2026-10-01/checks/integration01/1.stdout:85: trailing whitespace.
+experiments/development/parallel_analysis_2026-10-01/integration_checks.py:304: 
experiments/development/parallel_analysis_2026-10-01/checks/integration01/1.stdout:86: trailing whitespace.
+_ _ _ _ _ _ _ _ _ _ _ _ _ _ _ _ _ _ _ _ _ _ _ _ _ _ _ _ _ _ _ _ _ _ _ _ _ _ _ _ 
experiments/development/parallel_analysis_2026-10-01/checks/integration01/1.stdout:102: trailing whitespace.
+E         
experiments/development/parallel_analysis_2026-10-01/checks/integration02/1.stdout:31: trailing whitespace.
+experiments/development/parallel_analysis_2026-10-01/integration_checks.py:294: 
experiments/development/parallel_analysis_2026-10-01/checks/integration02/1.stdout:32: trailing whitespace.
+_ _ _ _ _ _ _ _ _ _ _ _ _ _ _ _ _ _ _ _ _ _ _ _ _ _ _ _ _ _ _ _ _ _ _ _ _ _ _ _ 
experiments/development/parallel_analysis_2026-10-01/checks/integration02/1.stdout:88: trailing whitespace.
+experiments/development/parallel_analysis_2026-10-01/integration_checks.py:294: 
experiments/development/parallel_analysis_2026-10-01/checks/integration02/1.stdout:89: trailing whitespace.
+_ _ _ _ _ _ _ _ _ _ _ _ _ _ _ _ _ _ _ _ _ _ _ _ _ _ _ _ _ _ _ _ _ _ _ _ _ _ _ _ 
experiments/development/parallel_analysis_2026-10-01/checks/integration02/1.stdout:135: trailing whitespace.
+experiments/development/parallel_analysis_2026-10-01/integration_checks.py:310: 
experiments/development/parallel_analysis_2026-10-01/checks/integration02/1.stdout:136: trailing whitespace.
+_ _ _ _ _ _ _ _ _ _ _ _ _ _ _ _ _ _ _ _ _ _ _ _ _ _ _ _ _ _ _ _ _ _ _ _ _ _ _ _ 
experiments/development/parallel_analysis_2026-10-01/worker_checks/broker-py311-attempt01/test-artifacts/test_claim_manifest_and_receip0/branches/branch_manifest.json:2: trailing whitespace.
+ 
experiments/development/parallel_analysis_2026-10-01/worker_checks/broker-py311-attempt01/test-artifacts/test_claim_manifest_and_receip0/branches/branch_manifest.json:2: new blank line at EOF.
experiments/development/parallel_analysis_2026-10-01/worker_checks/broker-py311-attempt01/test-artifacts/test_external_tamper_never_exp0/run/broker/0001/stdout:2: trailing whitespace.
+ 
experiments/development/parallel_analysis_2026-10-01/worker_checks/broker-py311-attempt01/test-artifacts/test_external_tamper_never_exp0/run/broker/0001/stdout:2: new blank line at EOF.
experiments/development/parallel_analysis_2026-10-01/worker_checks/broker-py311-attempt01/test-artifacts/test_external_tamper_never_exp1/branches/task-1/work/metrics.json:2: trailing whitespace.
+ 
experiments/development/parallel_analysis_2026-10-01/worker_checks/broker-py311-attempt01/test-artifacts/test_external_tamper_never_exp1/branches/task-1/work/metrics.json:2: new blank line at EOF.
experiments/development/parallel_analysis_2026-10-01/worker_checks/broker-py311-attempt01/test-artifacts/test_external_tamper_never_exp2/branches/analyzer:100: trailing whitespace.
+ 
experiments/development/parallel_analysis_2026-10-01/worker_checks/broker-py311-attempt01/test-artifacts/test_external_tamper_never_exp2/branches/analyzer:100: new blank line at EOF.
experiments/development/parallel_analysis_2026-10-01/worker_checks/broker-py311-attempt01/test-artifacts/test_external_tamper_never_exp3/branches/branch_manifest.json:2: trailing whitespace.
+ 
experiments/development/parallel_analysis_2026-10-01/worker_checks/broker-py311-attempt01/test-artifacts/test_external_tamper_never_exp3/branches/branch_manifest.json:2: new blank line at EOF.
experiments/development/parallel_analysis_2026-10-01/worker_checks/broker-py311-attempt01/test-artifacts/test_external_tamper_never_exp4/branches/analysis_branch_manifest.json:2: trailing whitespace.
+ 
experiments/development/parallel_analysis_2026-10-01/worker_checks/broker-py311-attempt01/test-artifacts/test_external_tamper_never_exp4/branches/analysis_branch_manifest.json:2: new blank line at EOF.
experiments/development/parallel_analysis_2026-10-01/worker_checks/broker-py311-attempt02/test-artifacts/test_external_tamper_never_exp0/run/broker/0001/stdout:2: trailing whitespace.
+ 
experiments/development/parallel_analysis_2026-10-01/worker_checks/broker-py311-attempt02/test-artifacts/test_external_tamper_never_exp0/run/broker/0001/stdout:2: new blank line at EOF.
experiments/development/parallel_analysis_2026-10-01/worker_checks/broker-py311-attempt02/test-artifacts/test_external_tamper_never_exp1/branches/task-1/work/metrics.json:2: trailing whitespace.
+ 
experiments/development/parallel_analysis_2026-10-01/worker_checks/broker-py311-attempt02/test-artifacts/test_external_tamper_never_exp1/branches/task-1/work/metrics.json:2: new blank line at EOF.
experiments/development/parallel_analysis_2026-10-01/worker_checks/broker-py311-attempt02/test-artifacts/test_external_tamper_never_exp2/branches/analyzer:100: trailing whitespace.
+ 
experiments/development/parallel_analysis_2026-10-01/worker_checks/broker-py311-attempt02/test-artifacts/test_external_tamper_never_exp2/branches/analyzer:100: new blank line at EOF.
experiments/development/parallel_analysis_2026-10-01/worker_checks/broker-py311-attempt02/test-artifacts/test_external_tamper_never_exp3/branches/branch_manifest.json:2: trailing whitespace.
+ 
experiments/development/parallel_analysis_2026-10-01/worker_checks/broker-py311-attempt02/test-artifacts/test_external_tamper_never_exp3/branches/branch_manifest.json:2: new blank line at EOF.
experiments/development/parallel_analysis_2026-10-01/worker_checks/broker-py311-attempt02/test-artifacts/test_external_tamper_never_exp4/branches/analysis_branch_manifest.json:2: trailing whitespace.
+ 
experiments/development/parallel_analysis_2026-10-01/worker_checks/broker-py311-attempt02/test-artifacts/test_external_tamper_never_exp4/branches/analysis_branch_manifest.json:2: new blank line at EOF.
experiments/development/parallel_analysis_2026-10-01/worker_checks/broker-py312-attempt01/test-artifacts/test_external_tamper_never_exp0/run/broker/0001/stdout:2: trailing whitespace.
+ 
experiments/development/parallel_analysis_2026-10-01/worker_checks/broker-py312-attempt01/test-artifacts/test_external_tamper_never_exp0/run/broker/0001/stdout:2: new blank line at EOF.
experiments/development/parallel_analysis_2026-10-01/worker_checks/broker-py312-attempt01/test-artifacts/test_external_tamper_never_exp1/branches/task-1/work/metrics.json:2: trailing whitespace.
+ 
experiments/development/parallel_analysis_2026-10-01/worker_checks/broker-py312-attempt01/test-artifacts/test_external_tamper_never_exp1/branches/task-1/work/metrics.json:2: new blank line at EOF.
experiments/development/parallel_analysis_2026-10-01/worker_checks/broker-py312-attempt01/test-artifacts/test_external_tamper_never_exp2/branches/analyzer:100: trailing whitespace.
+ 
experiments/development/parallel_analysis_2026-10-01/worker_checks/broker-py312-attempt01/test-artifacts/test_external_tamper_never_exp2/branches/analyzer:100: new blank line at EOF.
experiments/development/parallel_analysis_2026-10-01/worker_checks/broker-py312-attempt01/test-artifacts/test_external_tamper_never_exp3/branches/branch_manifest.json:2: trailing whitespace.
+ 
experiments/development/parallel_analysis_2026-10-01/worker_checks/broker-py312-attempt01/test-artifacts/test_external_tamper_never_exp3/branches/branch_manifest.json:2: new blank line at EOF.
experiments/development/parallel_analysis_2026-10-01/worker_checks/broker-py312-attempt01/test-artifacts/test_external_tamper_never_exp4/branches/analysis_branch_manifest.json:2: trailing whitespace.
+ 
experiments/development/parallel_analysis_2026-10-01/worker_checks/broker-py312-attempt01/test-artifacts/test_external_tamper_never_exp4/branches/analysis_branch_manifest.json:2: new blank line at EOF.
experiments/development/parallel_analysis_2026-10-01/worker_checks/broker-py312-attempt02/test-artifacts/test_external_tamper_never_exp0/run/broker/0001/stdout:2: trailing whitespace.
+ 
experiments/development/parallel_analysis_2026-10-01/worker_checks/broker-py312-attempt02/test-artifacts/test_external_tamper_never_exp0/run/broker/0001/stdout:2: new blank line at EOF.
experiments/development/parallel_analysis_2026-10-01/worker_checks/broker-py312-attempt02/test-artifacts/test_external_tamper_never_exp1/branches/task-1/work/metrics.json:2: trailing whitespace.
+ 
experiments/development/parallel_analysis_2026-10-01/worker_checks/broker-py312-attempt02/test-artifacts/test_external_tamper_never_exp1/branches/task-1/work/metrics.json:2: new blank line at EOF.
experiments/development/parallel_analysis_2026-10-01/worker_checks/broker-py312-attempt02/test-artifacts/test_external_tamper_never_exp2/branches/analyzer:100: trailing whitespace.
+ 
experiments/development/parallel_analysis_2026-10-01/worker_checks/broker-py312-attempt02/test-artifacts/test_external_tamper_never_exp2/branches/analyzer:100: new blank line at EOF.
experiments/development/parallel_analysis_2026-10-01/worker_checks/broker-py312-attempt02/test-artifacts/test_external_tamper_never_exp3/branches/branch_manifest.json:2: trailing whitespace.
+ 
experiments/development/parallel_analysis_2026-10-01/worker_checks/broker-py312-attempt02/test-artifacts/test_external_tamper_never_exp3/branches/branch_manifest.json:2: new blank line at EOF.
experiments/development/parallel_analysis_2026-10-01/worker_checks/broker-py312-attempt02/test-artifacts/test_external_tamper_never_exp4/branches/analysis_branch_manifest.json:2: trailing whitespace.
+ 
experiments/development/parallel_analysis_2026-10-01/worker_checks/broker-py312-attempt02/test-artifacts/test_external_tamper_never_exp4/branches/analysis_branch_manifest.json:2: new blank line at EOF.
experiments/development/parallel_analysis_2026-10-01/worker_checks/engine-py311-attempt01/1.stdout:45: trailing whitespace.
+E         
